SQL> PROMPT =========================================================
=========================================================
SQL> -- Nom du Cas       :  Gestion Commerciale Intelligente : GESCOMI : GCI
SQL> -- Nom de SGBD      :  ORACLE DBMS
SQL> -- Date de crï¿½ation :  SEPTEMBER 2018
SQL> -- Auteur           :  Faouzi BOUFARES
SQL> -- Universitï¿½       :  Universitï¿½ Sorbonne Paris Citï¿½, Universitï¿½ Paris 13
SQL> -- Formation        :  Master 2 EID 2
SQL> PROMPT =========================================================
=========================================================
SQL> PROMPT

SQL> PROMPT =========================================================
=========================================================
SQL> PROMPT |                                                       |
|                                                       |
SQL> PROMPT |     Exercice 1 :  BD GESCOMI avec SQL 2               |
|     Exercice 1 :  BD GESCOMI avec SQL 2               |
SQL> PROMPT |     Manipulations-Interrogations de BD                |
|     Manipulations-Interrogations de BD                |
SQL> PROMPT |                                                       |
|                                                       |
SQL> PROMPT =========================================================
=========================================================
SQL> PROMPT

SQL> PROMPT

SQL> PROMPT =========================================================
=========================================================
SQL> PROMPT Ceci permet d initialiser le type de la date
Ceci permet d initialiser le type de la date
SQL> PROMPT =========================================================
=========================================================
SQL> ALTER SESSION SET NLS_DATE_FORMAT = 'DAY DD-MONTH-YYYY' ;

Session modifié(e).

SQL> PROMPT =========================================================
=========================================================
SQL> -- ===============================================================================
SQL> -- Dï¿½finition de la structure des donnï¿½es ================= DEBUT    =============
SQL> -- en SQL 2 ======================================================================
SQL> -- Crï¿½ation des tables ============= Magasin FR01 ====== PARIS   =================
SQL> PROMPT Destruction des tables de la bd GESCOMI EN SQL 2
Destruction des tables de la bd GESCOMI EN SQL 2
SQL> PROMPT =========================================================
=========================================================
SQL> PROMPT

SQL> DROP TABLE DETAILCOM;

Erreur commençant à la ligne: 166 de la commande -
DROP TABLE DETAILCOM
Rapport d'erreur -
Erreur SQL : ORA-00942: table or view does not exist
00942. 00000 -  "table or view does not exist"
*Cause:    
*Action:
SQL> DROP TABLE ARTICLES;

Erreur commençant à la ligne: 167 de la commande -
DROP TABLE ARTICLES
Rapport d'erreur -
Erreur SQL : ORA-00942: table or view does not exist
00942. 00000 -  "table or view does not exist"
*Cause:    
*Action:
SQL> DROP TABLE COMMANDES;

Erreur commençant à la ligne: 168 de la commande -
DROP TABLE COMMANDES
Rapport d'erreur -
Erreur SQL : ORA-00942: table or view does not exist
00942. 00000 -  "table or view does not exist"
*Cause:    
*Action:
SQL> DROP TABLE CLIENTS;

Erreur commençant à la ligne: 169 de la commande -
DROP TABLE CLIENTS
Rapport d'erreur -
Erreur SQL : ORA-00942: table or view does not exist
00942. 00000 -  "table or view does not exist"
*Cause:    
*Action:
SQL> PROMPT

SQL> -- pause Tapez sur Enter...
SQL> PROMPT

SQL> PROMPT =========================================================
=========================================================
SQL> PROMPT Crï¿½ation des tables de la bd GESCOMI EN SQL 2
Crï¿½ation des tables de la bd GESCOMI EN SQL 2
SQL> PROMPT =========================================================
=========================================================
SQL> PROMPT

SQL> PROMPT =========================================================
=========================================================
SQL> PROMPT >> Table : CLIENTS
>> Table : CLIENTS
SQL> PROMPT =========================================================
=========================================================
SQL> PROMPT

SQL> CREATE TABLE CLIENTS
(
	CODCLI		VARCHAR2(10), 
	CIVCLI		VARCHAR2(12),
	NOMCLI		VARCHAR2(20),
	PRENCLI		VARCHAR2(20),
	CATCLI		NUMBER(1),
	ADNCLI		VARCHAR2(10),
	ADRCLI		VARCHAR2(50),
	CPCLI		VARCHAR2(10),
	VILCLI		VARCHAR2(20),
	PAYSCLI		VARCHAR2(30),
	MAILCLI		VARCHAR2(30),
	TELCLI		VARCHAR2(20),
	CONSTRAINT PK_CLIENTS				PRIMARY KEY(CODCLI),
	CONSTRAINT CK_CLIENTS_CIVCLI		CHECK(CIVCLI IN ('Mademoiselle', 'Madame', 'Monsieur')),
	CONSTRAINT CK_CLIENTS_CATCLI		CHECK(CATCLI BETWEEN 1 and 7),
	CONSTRAINT NN_CLIENTS_NOMCLI		CHECK(NOMCLI IS NOT NULL),
	CONSTRAINT NN_CLIENTS_PRENCLI		CHECK(PRENCLI IS NOT NULL),
	CONSTRAINT NN_CLIENTS_CATCLI		CHECK(CATCLI IS NOT NULL),
	CONSTRAINT CK_CLIENTS_VILCLI		CHECK(VILCLI = UPPER(VILCLI)),
	CONSTRAINT CK_CLIENTS_PAYSCLI		CHECK(PAYSCLI = UPPER(PAYSCLI))
);

Table CLIENTS créé(e).

SQL> PROMPT

SQL> -- pause Tapez sur Enter...
SQL> PROMPT

SQL> PROMPT =========================================================
=========================================================
SQL> PROMPT >> Table : COMMANDES
>> Table : COMMANDES
SQL> PROMPT =========================================================
=========================================================
SQL> PROMPT

SQL> alter session set nls_date_language = 'english';

Session modifié(e).

SQL> CREATE TABLE COMMANDES
(
	NUMCOM 		VARCHAR2(10),
	CODCLI		VARCHAR2(10),
	DATCOM		DATE,
	CONSTRAINT PK_COMMANDES					PRIMARY KEY(NUMCOM),
	CONSTRAINT NN_COMMANDES_DATCOM			CHECK(DATCOM IS NOT NULL),
	CONSTRAINT FK_COMMANDES_CODCLI_CLIENTS	FOREIGN KEY(CODCLI)	REFERENCES CLIENTS(CODCLI)
);

Table COMMANDES créé(e).

SQL> PROMPT

SQL> -- pause Tapez sur Enter...
SQL> PROMPT

SQL> PROMPT =========================================================
=========================================================
SQL> PROMPT >> Table : ARTICLES
>> Table : ARTICLES
SQL> PROMPT =========================================================
=========================================================
SQL> PROMPT

SQL> CREATE TABLE ARTICLES
(
	REFART 		VARCHAR2(10),
	NOMART		VARCHAR2(50),
	PVART		NUMBER(10, 2),
	QSART		NUMBER(3),
	PAART		NUMBER(10, 2),
	CONSTRAINT PK_ARTICLES				PRIMARY KEY(REFART),
	CONSTRAINT NN_ARTICLES_NOMART		CHECK(NOMART IS NOT NULL),
	CONSTRAINT CK_ARTICLES_QSART		CHECK(QSART < 1000)
);

Table ARTICLES créé(e).

SQL> PROMPT

SQL> -- pause Tapez sur Enter...
SQL> PROMPT

SQL> PROMPT =========================================================
=========================================================
SQL> PROMPT >> Table : DETAILCOM
>> Table : DETAILCOM
SQL> PROMPT =========================================================
=========================================================
SQL> PROMPT

SQL> CREATE TABLE DETAILCOM
(
	NUMCOM 		VARCHAR2(10),
	REFART		VARCHAR2(10),
	QTCOM		NUMBER(3),
	PUART		NUMBER(10, 2),
	REMISE		NUMBER(4, 2),
	CONSTRAINT PK_DETAILCOM					PRIMARY KEY(NUMCOM, REFART),
	CONSTRAINT CK_DETAILCOM_QTCOM			CHECK(QTCOM < 1000),
	CONSTRAINT NN_DETAILCOM_QTCOM			CHECK(QTCOM IS NOT NULL),
	CONSTRAINT NN_DETAILCOM_PUART			CHECK(PUART IS NOT NULL),
	CONSTRAINT NN_DETAILCOM_REMISE			CHECK(REMISE IS NOT NULL),
	CONSTRAINT FK_DETAILCOM_NUMCOM_COM		FOREIGN KEY(NUMCOM)	REFERENCES COMMANDES(NUMCOM),
	CONSTRAINT FK_DETAILCOM_REFART_ARTICLES	FOREIGN KEY(REFART)	REFERENCES ARTICLES(REFART)
);

Table DETAILCOM créé(e).

SQL> PROMPT

SQL> -- pause Tapez sur Enter...
SQL> -- ===============================================================================
SQL> -- Dï¿½finition de la structure des donnï¿½es =========== FIN     ====================
SQL> -- en SQL 2 ======================================================================
SQL> -- ===============================================================================
SQL> -- Insertion des donnï¿½es ============================ DEBUT ======================
SQL> -- en SQL 2 ======================================================================
SQL> -- Insertion des lignes dans les tables ==========================================
SQL> PROMPT

SQL> PROMPT =====================================================================
=====================================================================
SQL> PROMPT Insertion des donnï¿½es de la bd EN SQL 2 POUR UN MAGASIN donnï¿½ Le FR01 de Paris
Insertion des donnï¿½es de la bd EN SQL 2 POUR UN MAGASIN donnï¿½ Le FR01 de Paris
SQL> PROMPT =====================================================================
=====================================================================
SQL> PROMPT

SQL> PROMPT =========================================================
=========================================================
SQL> PROMPT >> Insertion dans la Table : CLIENTS
>> Insertion dans la Table : CLIENTS
SQL> PROMPT =========================================================
=========================================================
SQL> PROMPT

SQL> INSERT INTO CLIENTS (CODCLI, CIVCLI, NOMCLI, PRENCLI, CATCLI, ADNCLI, ADRCLI, CPCLI, VILCLI, PAYSCLI, MAILCLI, TELCLI)
VALUES ('C001', 'Madame', 'CLEM@ENT', 'EVE', 1, '18', 'BOULEVARD FOCH', '91000', 'EPINAY-SUR-ORGE', 'FRANCE','eve.clement@gmail.com', '+33777889911');

1 ligne inséré.

SQL> INSERT INTO CLIENTS (CODCLI, CIVCLI, NOMCLI, PRENCLI, CATCLI, ADNCLI, ADRCLI, CPCLI, VILCLI, PAYSCLI, MAILCLI, TELCLI)
VALUES ('C002', 'Madame', 'LESEUL', 'MARIE', 1, '21', 'AVENUE D ITALIE', '75013', 'PARIS', 'FRANCE','marieleseul@yahoo.fr', '0617586565');

1 ligne inséré.

SQL> INSERT INTO CLIENTS (CODCLI, CIVCLI, NOMCLI, PRENCLI, CATCLI, ADNCLI, ADRCLI, CPCLI, VILCLI, PAYSCLI, MAILCLI, TELCLI)
VALUES ('C003', 'Madame', 'UNIQUE', 'MARINE', 2, '77', 'RUE DE LA LIBERTE', '13001', 'MARCHEILLE', 'FRANCE','munique@gmail.com', '+33777889922');

1 ligne inséré.

SQL> INSERT INTO CLIENTS (CODCLI, CIVCLI, NOMCLI, PRENCLI, CATCLI, ADNCLI, ADRCLI, CPCLI, VILCLI, PAYSCLI, MAILCLI, TELCLI)
VALUES ('C004', 'Madame', 'CLEMENCE', 'EVELYNE', 3, '8 BIS', 'BOULEVARD FOCH', '93800', 'EPINAY-SUR-SEINE', 'FRANCE','clemence evelyne@gmail.com', '+33777889933');

1 ligne inséré.

SQL> INSERT INTO CLIENTS (CODCLI, CIVCLI, NOMCLI, PRENCLI, CATCLI, ADNCLI, ADRCLI, CPCLI, VILCLI, PAYSCLI, MAILCLI, TELCLI)
VALUES ('C005', 'Madame', 'FORT', 'JEANNE', 3, '55', 'RUE DU JAPON', '94310', 'ORLY-VILLE', 'FRANCE','jfort\@hotmail.fr', '+33777889944');

1 ligne inséré.

SQL> INSERT INTO CLIENTS (CODCLI, CIVCLI, NOMCLI, PRENCLI, CATCLI, ADNCLI, ADRCLI, CPCLI, VILCLI, PAYSCLI, MAILCLI, TELCLI)
VALUES ('C006', 'Mademoiselle', 'LE BON', 'CLEMENCE', 1, '18', 'BOULEVARD FOCH', '93800', 'EPINAY-SUR-SEINE', 'FRANCE','clemence.le bon@cfo.fr', '0033777889955');

1 ligne inséré.

SQL> INSERT INTO CLIENTS (CODCLI, CIVCLI, NOMCLI, PRENCLI, CATCLI, ADNCLI, ADRCLI, CPCLI, VILCLI, PAYSCLI, MAILCLI, TELCLI)
VALUES ('C007', 'Mademoiselle', 'TRAIFOR', 'ALICE', 2, '6', 'RUE DE LA ROSIERE', '75015', 'PARIS', 'FRANCE','alice.traifor@yahoo.fr', '+33777889966');

1 ligne inséré.

SQL> INSERT INTO CLIENTS (CODCLI, CIVCLI, NOMCLI, PRENCLI, CATCLI, ADNCLI, ADRCLI, CPCLI, VILCLI, PAYSCLI, MAILCLI, TELCLI)
VALUES ('C008', 'Monsieur', 'VIVANT', 'JEAN-BAPTISTE', 1, '13', 'RUE DE LA PAIX', '93800', 'EPINAY-SUR-SEINE', 'FRANCE','jeanbaptiste@', '0607');

1 ligne inséré.

SQL> INSERT INTO CLIENTS (CODCLI, CIVCLI, NOMCLI, PRENCLI, CATCLI, ADNCLI, ADRCLI, CPCLI, VILCLI, PAYSCLI, MAILCLI, TELCLI)
VALUES ('C009', 'Monsieur', 'CLEMENCE', 'ALEXANDRE', 1, '5', 'RUE DE BELLEVILLE', '75019', 'PARIS', 'FRANCE','alexandre.clemence@up13.fr', '+33149404071');

1 ligne inséré.

SQL> INSERT INTO CLIENTS (CODCLI, CIVCLI, NOMCLI, PRENCLI, CATCLI, ADNCLI, ADRCLI, CPCLI, VILCLI, PAYSCLI, MAILCLI, TELCLI)
VALUES ('C010', 'Monsieur', 'TRAIFOR', 'ALEXANDRE', 1, '16', 'AVENUE FOCH', '75016', 'PARIS', 'FRA','alexandre.traifor@up13.fr', '06070809');

1 ligne inséré.

SQL> INSERT INTO CLIENTS (CODCLI, CIVCLI, NOMCLI, PRENCLI, CATCLI, ADNCLI, ADRCLI, CPCLI, VILCLI, PAYSCLI, MAILCLI, TELCLI)
VALUES ('C011', 'Monsieur', 'PREMIER', 'JOS//EPH', 2, '77', 'RUE DE LA LIBERTE', '13001', 'MARCHEILLE', 'FRANCE','josef@premier', '+33777889977');

1 ligne inséré.

SQL> INSERT INTO CLIENTS (CODCLI, CIVCLI, NOMCLI, PRENCLI, CATCLI, ADNCLI, ADRCLI, CPCLI, VILCLI, PAYSCLI, MAILCLI, TELCLI)
VALUES ('C012', 'Monsieur', 'CLEMENT', 'ADAM', 2, '13', 'AVENUE JEAN BAPTISTE CLEMENT', '9430', 'VILLETANEUSE', 'FRANCE','adam.clement@gmail.com', '+33149404072');

1 ligne inséré.

SQL> INSERT INTO CLIENTS (CODCLI, CIVCLI, NOMCLI, PRENCLI, CATCLI, ADNCLI, ADRCLI, CPCLI, VILCLI, PAYSCLI, MAILCLI, TELCLI)
VALUES ('C013', 'Monsieur', 'FORT', 'GABRIEL', 5, '1', 'AVENUE DE CARTAGE', '99000', 'TUNIS', 'TUNISIE','gabriel.fort@yahoo.fr', '+21624801777');

1 ligne inséré.

SQL> INSERT INTO CLIENTS (CODCLI, CIVCLI, NOMCLI, PRENCLI, CATCLI, ADNCLI, ADRCLI, CPCLI, VILCLI, PAYSCLI, MAILCLI, TELCLI)
VALUES ('C014', 'Monsieur', 'ADAM', 'DAVID', 5, '1', 'AVENUE DE ROME', '99001', 'ROME', 'ITALIE','david.adamï¿½@gmail com', '');

1 ligne inséré.

SQL> INSERT INTO CLIENTS (CODCLI, CIVCLI, NOMCLI, PRENCLI, CATCLI, ADNCLI, ADRCLI, CPCLI, VILCLI, PAYSCLI, MAILCLI, TELCLI)
VALUES ('C015', 'Monsieur', 'Labsent', 'pala', 7, '1', 'rue des absents', '000', 'BAGDAD', 'IRAQ','pala-labsent@paici', '');

1 ligne inséré.

SQL> INSERT INTO CLIENTS (CODCLI, CIVCLI, NOMCLI, PRENCLI, CATCLI, ADNCLI, ADRCLI, CPCLI, VILCLI, PAYSCLI, MAILCLI, TELCLI)
VALUES ('C016', 'Madame', 'obsolete', 'kadym', 7, '1', 'rue des anciens', '000', 'CARTHAGE', 'IFRIQIA','inexistant', 'inexistant');

1 ligne inséré.

SQL> INSERT INTO CLIENTS (CODCLI, CIVCLI, NOMCLI, PRENCLI, CATCLI, ADNCLI, ADRCLI, CPCLI, VILCLI, PAYSCLI, MAILCLI, TELCLI)
VALUES ('C017', 'Madame', 'RAHYM', 'KARYM', 1, '1', 'RUE DES GENTILS', '1000', 'CARTHAGE', 'TUNISIE','karym.rahym@gmail.com', '+21624808444');

1 ligne inséré.

SQL> PROMPT

SQL> -- pause Tapez sur Enter...
SQL> PROMPT

SQL> PROMPT =========================================================
=========================================================
SQL> PROMPT >> Insertion dans la Table : COMMANDES
>> Insertion dans la Table : COMMANDES
SQL> PROMPT =========================================================
=========================================================
SQL> PROMPT

SQL> INSERT INTO COMMANDES (NUMCOM, CODCLI, DATCOM)
VALUES ('20001AB', 'C012', 'SUNDAY 17-SEPTEMBER-2000');

1 ligne inséré.

SQL> INSERT INTO COMMANDES (NUMCOM, CODCLI, DATCOM)
VALUES ('20002AB', 'C001', 'SUNDAY 17-SEPTEMBER-2000');

1 ligne inséré.

SQL> INSERT INTO COMMANDES (NUMCOM, CODCLI, DATCOM)
VALUES ('20003AB', 'C006', ' MONDAY 16-OCTOBER-2000');

1 ligne inséré.

SQL> INSERT INTO COMMANDES (NUMCOM, CODCLI, DATCOM)
VALUES ('20004AB', 'C006', 'TUESDAY 24-OCTOBER-2000');

1 ligne inséré.

SQL> INSERT INTO COMMANDES (NUMCOM, CODCLI, DATCOM)
VALUES ('20011RB', 'C012', 'MONDAY 22-JANUARY-2001');

1 ligne inséré.

SQL> INSERT INTO COMMANDES (NUMCOM, CODCLI, DATCOM)
VALUES ('20012RB', 'C012', 'TUESDAY 13-MARCH-2001');

1 ligne inséré.

SQL> INSERT INTO COMMANDES (NUMCOM, CODCLI, DATCOM)
VALUES ('20031FB', 'C001', 'FRIDAY 14-FEBRURAY-2003');

Erreur commençant à la ligne: 359 de la commande -
INSERT INTO COMMANDES (NUMCOM, CODCLI, DATCOM)
VALUES ('20031FB', 'C001', 'FRIDAY 14-FEBRURAY-2003')
Rapport d'erreur -
Erreur SQL : ORA-01841: (full) year must be between -4713 and +9999, and not be 0
01841. 00000 -  "(full) year must be between -4713 and +9999, and not be 0"
*Cause:    Illegal year entered
*Action:   Input year in the specified range
SQL> INSERT INTO COMMANDES (NUMCOM, CODCLI, DATCOM)
VALUES ('20051FB', 'C003', 'FRIDAY 07-JANUARY-2005');

1 ligne inséré.

SQL> INSERT INTO COMMANDES (NUMCOM, CODCLI, DATCOM)
VALUES ('20052FB', 'C003', 'Wednesday 12-JANUARY-2005');

1 ligne inséré.

SQL> INSERT INTO COMMANDES (NUMCOM, CODCLI, DATCOM)
VALUES ('20053FB', 'C012', 'THURSDAY 10-MARCH-2005');

1 ligne inséré.

SQL> INSERT INTO COMMANDES (NUMCOM, CODCLI, DATCOM)
VALUES ('20054FB', 'C007', 'MONDAY 14-MARCH-2005');

1 ligne inséré.

SQL> INSERT INTO COMMANDES (NUMCOM, CODCLI, DATCOM)
VALUES ('20055FB', 'C012', 'FRIDAY 11-MARCH-2005');

1 ligne inséré.

SQL> INSERT INTO COMMANDES (NUMCOM, CODCLI, DATCOM)
VALUES ('20056FB', 'C013', 'MONDAY 14-MARCH-2005');

1 ligne inséré.

SQL> INSERT INTO COMMANDES (NUMCOM, CODCLI, DATCOM)
VALUES ('20057FB', 'C014', 'FRIDAY 11-MARCH-2005');

1 ligne inséré.

SQL> INSERT INTO COMMANDES (NUMCOM, CODCLI, DATCOM)
VALUES ('20061FB', 'C010', 'FRIDAY 14-FEBRUARY-2003');

1 ligne inséré.

SQL> INSERT INTO COMMANDES (NUMCOM, CODCLI, DATCOM)
VALUES ('20062FB', 'C009', 'FRIDAY 14-FEBRUARY-2003');

1 ligne inséré.

SQL> INSERT INTO COMMANDES (NUMCOM, CODCLI, DATCOM)
VALUES ('20065FB', 'C007', 'FRIDAY 14-FEBRUARY-2003');

1 ligne inséré.

SQL> INSERT INTO COMMANDES (NUMCOM, CODCLI, DATCOM)
VALUES ('20066FB', 'C002', 'FRIDAY 14-FEBRUARY-2003');

1 ligne inséré.

SQL> INSERT INTO COMMANDES (NUMCOM, CODCLI, DATCOM)
VALUES ('20067FB', 'C002', 'FRIDAY 14-FEBRUARY-2003');

1 ligne inséré.

SQL> INSERT INTO COMMANDES (NUMCOM, CODCLI, DATCOM)
VALUES ('20068FB', 'C002', 'FRIDAY 14-FEBRUARY-2003');

1 ligne inséré.

SQL> INSERT INTO COMMANDES (NUMCOM, CODCLI, DATCOM)
VALUES ('20069FB', 'C002', 'TUESDAY 30-JANUARY-2007');

1 ligne inséré.

SQL> INSERT INTO COMMANDES (NUMCOM, CODCLI, DATCOM)
VALUES ('20070FB', 'C002', 'TUESDAY 30-JANUARY-2007');

1 ligne inséré.

SQL> INSERT INTO COMMANDES (NUMCOM, CODCLI, DATCOM)
VALUES ('20071FB', 'C013', 'TUESDAY 30-JANUARY-2007');

1 ligne inséré.

SQL> INSERT INTO COMMANDES (NUMCOM, CODCLI, DATCOM)
VALUES ('20072FB', 'C013', 'TUESDAY 30-JANUARY-2007');

1 ligne inséré.

SQL> INSERT INTO COMMANDES (NUMCOM, CODCLI, DATCOM)
VALUES ('20073FB', 'C014', 'TUESDAY 30-JANUARY-2007');

1 ligne inséré.

SQL> INSERT INTO COMMANDES (NUMCOM, CODCLI, DATCOM)
VALUES ('20074FB', 'C014', 'TUESDAY 30-JANUARY-2007');

1 ligne inséré.

SQL> INSERT INTO COMMANDES (NUMCOM, CODCLI, DATCOM)
VALUES ('20184FB', 'C014', 'MONDAY 17-SEPTEMBER-2018');

1 ligne inséré.

SQL> INSERT INTO COMMANDES (NUMCOM, CODCLI, DATCOM)
VALUES ('20181AB', 'C012', 'MONDAY 17-SEPTEMBER-2018');

1 ligne inséré.

SQL> PROMPT

SQL> -- pause Tapez sur Enter...
SQL> PROMPT

SQL> PROMPT =========================================================
=========================================================
SQL> PROMPT >> Insertion dans la Table : ARTICLES
>> Insertion dans la Table : ARTICLES
SQL> PROMPT =========================================================
=========================================================
SQL> PROMPT

SQL> INSERT INTO ARTICLES (REFART, NOMART, PVART, QSART, PAART)
VALUES ('F1.001', 'SIEGE DE TABLE', 35.00, 10, 26.43);

1 ligne inséré.

SQL> INSERT INTO ARTICLES (REFART, NOMART, PVART, QSART, PAART)
VALUES ('F1.002', 'CASQUE CYCLISTE PROTECTION', 27.00, 20, 20.00);

1 ligne inséré.

SQL> INSERT INTO ARTICLES (REFART, NOMART, PVART, QSART, PAART)
VALUES ('F1.003', 'BONNET PARE-CHOCS', 10.71, 100, 5.71);

1 ligne inséré.

SQL> INSERT INTO ARTICLES (REFART, NOMART, PVART, QSART, PAART)
VALUES ('F1.004', 'STORE DE PROTECTION', 7.43, 5, 4.29);

1 ligne inséré.

SQL> INSERT INTO ARTICLES (REFART, NOMART, PVART, QSART, PAART)
VALUES ('F1.005', 'COINS DE PROTECTION', 4.00, 100, 1.71);

1 ligne inséré.

SQL> INSERT INTO ARTICLES (REFART, NOMART, PVART, QSART, PAART)
VALUES ('F1.006', 'CACHE PRISE DE COURANT', 2.29, 500, 0.71);

1 ligne inséré.

SQL> INSERT INTO ARTICLES (REFART, NOMART, PVART, QSART, PAART)
VALUES ('F1.007', 'BLOQUE PORTE', 5.00, 4, 2.29);

1 ligne inséré.

SQL> INSERT INTO ARTICLES (REFART, NOMART, PVART, QSART, PAART)
VALUES ('F1.008', 'BANDE DE FERMETURE', 3.29, 4, 1.71);

1 ligne inséré.

SQL> INSERT INTO ARTICLES (REFART, NOMART, PVART, QSART, PAART)
VALUES ('F1.009', 'PROTECTION DE FOUR', 37.86, 10, 26.43);

1 ligne inséré.

SQL> INSERT INTO ARTICLES (REFART, NOMART, PVART, QSART, PAART)
VALUES ('F1.010', 'PROTECTION DE CUISINIERE', 30.71, 10, 22.86);

1 ligne inséré.

SQL> INSERT INTO ARTICLES (REFART, NOMART, PVART, QSART, PAART)
VALUES ('F1.011', 'BABY PHONE', 80.71, 3, 45.71);

1 ligne inséré.

SQL> INSERT INTO ARTICLES (REFART, NOMART, PVART, QSART, PAART)
VALUES ('F1.012', 'BRETELLE DE SECURITE', 15.57, 8, 11.43);

1 ligne inséré.

SQL> INSERT INTO ARTICLES (REFART, NOMART, PVART, QSART, PAART)
VALUES ('F1.013', 'HAUSSE-CHAISE', 42.71, 1, 25.43);

1 ligne inséré.

SQL> INSERT INTO ARTICLES (REFART, NOMART, PVART, QSART, PAART)
VALUES ('F1.014', 'COUVRE ROBINETTERIE', 7.86, 12, 4.29);

1 ligne inséré.

SQL> INSERT INTO ARTICLES (REFART, NOMART, PVART, QSART, PAART)
VALUES ('F2.001', 'BARRIERE DE PORTE, EN BOIS', 32.71, 2, 25.71);

1 ligne inséré.

SQL> INSERT INTO ARTICLES (REFART, NOMART, PVART, QSART, PAART)
VALUES ('F2.002', 'BARRIERE DE PORTE, EN METAL', 49.14, 3, 28.43);

1 ligne inséré.

SQL> INSERT INTO ARTICLES (REFART, NOMART, PVART, QSART, PAART)
VALUES ('F2.003', 'BARRIERE DE LIT', 23.71, 10, 15.71);

1 ligne inséré.

SQL> INSERT INTO ARTICLES (REFART, NOMART, PVART, QSART, PAART)
VALUES ('F2.004', 'PORTE-BEBE', 44.86, 6, 34.29);

1 ligne inséré.

SQL> INSERT INTO ARTICLES (REFART, NOMART, PVART, QSART, PAART)
VALUES ('F2.005', 'SIEGE-AUTO COSMOS', 126.86, 2, 71.43);

1 ligne inséré.

SQL> INSERT INTO ARTICLES (REFART, NOMART, PVART, QSART, PAART)
VALUES ('F2.006', 'SIEGE-AUTO EUROSEAT', 121.29, 2, 71.43);

1 ligne inséré.

SQL> INSERT INTO ARTICLES (REFART, NOMART, PVART, QSART, PAART)
VALUES ('FB.001', 'DVD-SPIRIT', 24.90, 2, 12.00);

1 ligne inséré.

SQL> INSERT INTO ARTICLES (REFART, NOMART, PVART, QSART, PAART)
VALUES ('FB.002', 'DVD-SPIDER MAN', 24.90, 2, 12.00);

1 ligne inséré.

SQL> INSERT INTO ARTICLES (REFART, NOMART, PVART, QSART, PAART)
VALUES ('FB.003', 'DVD-SPIDER MAN 2', 24.90, 2, 12.00);

1 ligne inséré.

SQL> INSERT INTO ARTICLES (REFART, NOMART, PVART, QSART, PAART)
VALUES ('WD.001', 'K7 VIDEO-TOY STORY', 21.29, 10, 9.29);

1 ligne inséré.

SQL> INSERT INTO ARTICLES (REFART, NOMART, PVART, QSART, PAART)
VALUES ('WD.002', 'DVD-TOY STORY 2', 34.29, 10, 12.14);

1 ligne inséré.

SQL> INSERT INTO ARTICLES (REFART, NOMART, PVART, QSART, PAART)
VALUES ('WD.003', 'K7 VIDEO-WINNIE L OURSON', 22.86, 5, 9.29);

1 ligne inséré.

SQL> INSERT INTO ARTICLES (REFART, NOMART, PVART, QSART, PAART)
VALUES ('WD.004', 'DVD-FRERES DES OURS', 35.00, 3, 13.00);

1 ligne inséré.

SQL> INSERT INTO ARTICLES (REFART, NOMART, PVART, QSART, PAART)
VALUES ('WD.005', 'K7 VIDEO-LE ROI LION', 30.00, 1, 13.00);

1 ligne inséré.

SQL> INSERT INTO ARTICLES (REFART, NOMART, PVART, QSART, PAART)
VALUES ('WD.006', 'K7 VIDEO-LE ROI LION 2', 30.00, 4, 13.00);

1 ligne inséré.

SQL> INSERT INTO ARTICLES (REFART, NOMART, PVART, QSART, PAART)
VALUES ('WD.007', 'K7 VIDEO-LE ROI LION 3', 30.00, 3, 13.00);

1 ligne inséré.

SQL> PROMPT

SQL> -- pause Tapez sur Enter...
SQL> PROMPT

SQL> PROMPT =========================================================
=========================================================
SQL> PROMPT >> Insertion dans la Table : DETAILCOM
>> Insertion dans la Table : DETAILCOM
SQL> PROMPT =========================================================
=========================================================
SQL> PROMPT

SQL> INSERT INTO DETAILCOM (NUMCOM, REFART, QTCOM, PUART, REMISE)
VALUES ('20001AB', 'F1.001', 2, 35.00, 2.50);

1 ligne inséré.

SQL> INSERT INTO DETAILCOM (NUMCOM, REFART, QTCOM, PUART, REMISE)
VALUES ('20001AB', 'F1.003', 4, 10.71, 3.00);

1 ligne inséré.

SQL> INSERT INTO DETAILCOM (NUMCOM, REFART, QTCOM, PUART, REMISE)
VALUES ('20001AB', 'F1.013', 2, 49.14, 0.00);

1 ligne inséré.

SQL> INSERT INTO DETAILCOM (NUMCOM, REFART, QTCOM, PUART, REMISE)
VALUES ('20001AB', 'WD.001', 1, 21.29, 0.00);

1 ligne inséré.

SQL> INSERT INTO DETAILCOM (NUMCOM, REFART, QTCOM, PUART, REMISE)
VALUES ('20002AB', 'F1.001', 2, 33.00, 3.00);

1 ligne inséré.

SQL> INSERT INTO DETAILCOM (NUMCOM, REFART, QTCOM, PUART, REMISE)
VALUES ('20002AB', 'WD.001', 1, 21.29, 0.00);

1 ligne inséré.

SQL> INSERT INTO DETAILCOM (NUMCOM, REFART, QTCOM, PUART, REMISE)
VALUES ('20002AB', 'WD.002', 1, 34.29, 0.00);

1 ligne inséré.

SQL> INSERT INTO DETAILCOM (NUMCOM, REFART, QTCOM, PUART, REMISE)
VALUES ('20002AB', 'WD.003', 1, 22.86, 0.00);

1 ligne inséré.

SQL> INSERT INTO DETAILCOM (NUMCOM, REFART, QTCOM, PUART, REMISE)
VALUES ('20003AB', 'FB.001', 5, 21.00, 4.00);

1 ligne inséré.

SQL> INSERT INTO DETAILCOM(NUMCOM, REFART, QTCOM, PUART, REMISE)
VALUES ('20003AB', 'WD.002', 1, 34.29, 0.00);

1 ligne inséré.

SQL> INSERT INTO DETAILCOM (NUMCOM, REFART, QTCOM, PUART, REMISE)
VALUES ('20003AB', 'WD.003', 1, 22.86, 0.00);

1 ligne inséré.

SQL> INSERT INTO DETAILCOM (NUMCOM, REFART, QTCOM, PUART, REMISE)
VALUES ('20004AB', 'F1.008', 2, 3.29, 3.50);

1 ligne inséré.

SQL> INSERT INTO DETAILCOM (NUMCOM, REFART, QTCOM, PUART, REMISE)
VALUES ('20004AB', 'WD.001', 1, 21.29, 2.50);

1 ligne inséré.

SQL> INSERT INTO DETAILCOM (NUMCOM, REFART, QTCOM, PUART, REMISE)
VALUES ('20012RB', 'F1.007', 5, 5.00, 3.00);

1 ligne inséré.

SQL> INSERT INTO DETAILCOM (NUMCOM, REFART, QTCOM, PUART, REMISE)
VALUES ('20012RB', 'F1.009', 1, 37.86, 0.00);

1 ligne inséré.

SQL> INSERT INTO DETAILCOM (NUMCOM, REFART, QTCOM, PUART, REMISE)
VALUES ('20012RB', 'FB.003', 5, 24.00, 0.00);

1 ligne inséré.

SQL> INSERT INTO DETAILCOM (NUMCOM, REFART, QTCOM, PUART, REMISE)
VALUES ('20031FB', 'F1.008', 2, 3.29, 3.00);

Erreur commençant à la ligne: 579 de la commande -
INSERT INTO DETAILCOM (NUMCOM, REFART, QTCOM, PUART, REMISE)
VALUES ('20031FB', 'F1.008', 2, 3.29, 3.00)
Rapport d'erreur -
Erreur SQL : ORA-02291: integrity constraint (SYSTEM.FK_DETAILCOM_NUMCOM_COM) violated - parent key not found
02291. 00000 - "integrity constraint (%s.%s) violated - parent key not found"
*Cause:    A foreign key value has no matching primary key value.
*Action:   Delete the foreign key or add a matching primary key.
SQL> INSERT INTO DETAILCOM (NUMCOM, REFART, QTCOM, PUART, REMISE)
VALUES ('20031FB', 'F2.001', 1, 30.71, 0.00);

Erreur commençant à la ligne: 582 de la commande -
INSERT INTO DETAILCOM (NUMCOM, REFART, QTCOM, PUART, REMISE)
VALUES ('20031FB', 'F2.001', 1, 30.71, 0.00)
Rapport d'erreur -
Erreur SQL : ORA-02291: integrity constraint (SYSTEM.FK_DETAILCOM_NUMCOM_COM) violated - parent key not found
02291. 00000 - "integrity constraint (%s.%s) violated - parent key not found"
*Cause:    A foreign key value has no matching primary key value.
*Action:   Delete the foreign key or add a matching primary key.
SQL> INSERT INTO DETAILCOM (NUMCOM, REFART, QTCOM, PUART, REMISE)
VALUES ('20031FB', 'FB.001', 5, 21.00, 0.00);

Erreur commençant à la ligne: 585 de la commande -
INSERT INTO DETAILCOM (NUMCOM, REFART, QTCOM, PUART, REMISE)
VALUES ('20031FB', 'FB.001', 5, 21.00, 0.00)
Rapport d'erreur -
Erreur SQL : ORA-02291: integrity constraint (SYSTEM.FK_DETAILCOM_NUMCOM_COM) violated - parent key not found
02291. 00000 - "integrity constraint (%s.%s) violated - parent key not found"
*Cause:    A foreign key value has no matching primary key value.
*Action:   Delete the foreign key or add a matching primary key.
SQL> INSERT INTO DETAILCOM (NUMCOM, REFART, QTCOM, PUART, REMISE)
VALUES ('20051FB', 'F1.008', 2, 3.29, 0.00);

1 ligne inséré.

SQL> INSERT INTO DETAILCOM (NUMCOM, REFART, QTCOM, PUART, REMISE)
VALUES ('20051FB', 'FB.001', 5, 21.00, 4.00);

1 ligne inséré.

SQL> INSERT INTO DETAILCOM (NUMCOM, REFART, QTCOM, PUART, REMISE)
VALUES ('20052FB', 'F1.001', 2, 35.00, 0.00);

1 ligne inséré.

SQL> INSERT INTO DETAILCOM (NUMCOM, REFART, QTCOM, PUART, REMISE)
VALUES ('20052FB', 'F1.003', 4, 10.71, 0.00);

1 ligne inséré.

SQL> INSERT INTO DETAILCOM (NUMCOM, REFART, QTCOM, PUART, REMISE)
VALUES ('20052FB', 'F1.013', 2, 49.14, 3.50);

1 ligne inséré.

SQL> INSERT INTO DETAILCOM (NUMCOM, REFART, QTCOM, PUART, REMISE)
VALUES ('20052FB', 'WD.001', 1, 21.29, 0.00);

1 ligne inséré.

SQL> INSERT INTO DETAILCOM (NUMCOM, REFART, QTCOM, PUART, REMISE)
VALUES ('20052FB', 'WD.003', 1, 22.86, 0.00);

1 ligne inséré.

SQL> INSERT INTO DETAILCOM (NUMCOM, REFART, QTCOM, PUART, REMISE)
VALUES ('20053FB', 'WD.003', 1, 22.86, 0.00);

1 ligne inséré.

SQL> INSERT INTO DETAILCOM (NUMCOM, REFART, QTCOM, PUART, REMISE)
VALUES ('20054FB', 'WD.003', 1, 22.86, 0.00);

1 ligne inséré.

SQL> INSERT INTO DETAILCOM (NUMCOM, REFART, QTCOM, PUART, REMISE)
VALUES ('20055FB', 'F1.008', 5, 3.29, 0.00);

1 ligne inséré.

SQL> INSERT INTO DETAILCOM (NUMCOM, REFART, QTCOM, PUART, REMISE)
VALUES ('20055FB', 'F1.009', 1, 37.86, 0.00);

1 ligne inséré.

SQL> INSERT INTO DETAILCOM (NUMCOM, REFART, QTCOM, PUART, REMISE)
VALUES ('20055FB', 'F1.011', 2, 80.71, 0.00);

1 ligne inséré.

SQL> INSERT INTO DETAILCOM (NUMCOM, REFART, QTCOM, PUART, REMISE)
VALUES ('20055FB', 'F2.001', 1, 30.71, 0.00);

1 ligne inséré.

SQL> INSERT INTO DETAILCOM (NUMCOM, REFART, QTCOM, PUART, REMISE)
VALUES ('20056FB', 'F1.011', 2, 80.71, 0.00);

1 ligne inséré.

SQL> INSERT INTO DETAILCOM (NUMCOM, REFART, QTCOM, PUART, REMISE)
VALUES ('20057FB', 'F2.001', 1, 30.71, 0.00);

1 ligne inséré.

SQL> INSERT INTO DETAILCOM(NUMCOM, REFART, QTCOM, PUART, REMISE)
VALUES ('20061FB', 'FB.003', 5, 24.00, 0.00);

1 ligne inséré.

SQL> INSERT INTO DETAILCOM(NUMCOM, REFART, QTCOM, PUART, REMISE)
VALUES ('20062FB', 'FB.003', 5, 24.00, 0.00);

1 ligne inséré.

SQL> INSERT INTO DETAILCOM(NUMCOM, REFART, QTCOM, PUART, REMISE)
VALUES ('20065FB', 'FB.003', 5, 24.00, 0.00);

1 ligne inséré.

SQL> INSERT INTO DETAILCOM(NUMCOM, REFART, QTCOM, PUART, REMISE)
VALUES ('20066FB', 'FB.003', 5, 24.00, 0.00);

1 ligne inséré.

SQL> INSERT INTO DETAILCOM(NUMCOM, REFART, QTCOM, PUART, REMISE)
VALUES ('20067FB', 'FB.001', 22, 24.00, 0.00);

1 ligne inséré.

SQL> INSERT INTO DETAILCOM(NUMCOM, REFART, QTCOM, PUART, REMISE)
VALUES ('20068FB', 'FB.001', 22, 24.00, 0.00);

1 ligne inséré.

SQL> INSERT INTO DETAILCOM(NUMCOM, REFART, QTCOM, PUART, REMISE)
VALUES ('20069FB', 'FB.001', 25, 58.00, 0.00);

1 ligne inséré.

SQL> INSERT INTO DETAILCOM(NUMCOM, REFART, QTCOM, PUART, REMISE)
VALUES ('20070FB', 'FB.001', 50, 24.00, 0.00);

1 ligne inséré.

SQL> INSERT INTO DETAILCOM(NUMCOM, REFART, QTCOM, PUART, REMISE)
VALUES ('20071FB', 'FB.001', 37, 27.90, 0.00);

1 ligne inséré.

SQL> INSERT INTO DETAILCOM(NUMCOM, REFART, QTCOM, PUART, REMISE)
VALUES ('20072FB', 'FB.001', 8, 34.00, 0.00);

1 ligne inséré.

SQL> INSERT INTO DETAILCOM(NUMCOM, REFART, QTCOM, PUART, REMISE)
VALUES ('20073FB', 'FB.001', 35, 15.50, 0.00);

1 ligne inséré.

SQL> INSERT INTO DETAILCOM(NUMCOM, REFART, QTCOM, PUART, REMISE)
VALUES ('20074FB', 'FB.001', 12, 19.99, 0.00);

1 ligne inséré.

SQL> INSERT INTO DETAILCOM(NUMCOM, REFART, QTCOM, PUART, REMISE)
VALUES ('20181AB', 'FB.001', 7, 17.77, 0.00);

1 ligne inséré.

SQL> PROMPT =========================================================
=========================================================
SQL> PROMPT Validation des insertions dans la bd EN SQL 2
Validation des insertions dans la bd EN SQL 2
SQL> PROMPT =========================================================
=========================================================
SQL> COMMIT;
Validation (commit) terminée.
SQL> PROMPT

SQL> -- pause Tapez sur Enter...
SQL> -- Affichage des donnï¿½es ===================================================
SQL> -- en SQL 2 ================================================================
SQL> -- Affichage des lignes dans les tables ====================================
SQL> PROMPT

SQL> PROMPT =========================================================
=========================================================
SQL> PROMPT Affichage des tables de la bd EN SQL 2
Affichage des tables de la bd EN SQL 2
SQL> PROMPT =========================================================
=========================================================
SQL> SET TIMING ON
SQL> SET LINES 1000
SQL> SET PAGES 1000
SQL> COLUMN CODCLI  FORMAT A6
SQL> COLUMN CIVCLI  FORMAT A8
SQL> COLUMN NOMCLI  FORMAT A8
SQL> COLUMN PRENCLI FORMAT A8
SQL> COLUMN CATCLI  FORMAT 99
SQL> COLUMN ADNCLI  FORMAT A6
SQL> COLUMN ADRCLI  FORMAT A10
SQL> COLUMN CPCLI   FORMAT A5
SQL> COLUMN VILCLI  FORMAT A6
SQL> COLUMN PAYSCLI FORMAT A7
SQL> COLUMN MAILCLI FORMAT A10
SQL> COLUMN TELCLI  FORMAT A10
SQL> COLUMN NUMCOM  FORMAT A10
SQL> COLUMN DATCOM  FORMAT A28
SQL> COLUMN REFART  FORMAT A8
SQL> COLUMN NOMART  FORMAT A25
SQL> COLUMN PVART   FORMAT 999.99
SQL> COLUMN QSART   FORMAT 99
SQL> COLUMN PAART   FORMAT 999.99
SQL> COLUMN QTCOM   FORMAT 99
SQL> COLUMN PUART   FORMAT 999.99
SQL> COLUMN REMISE  FORMAT 999.99
SQL> SELECT * FROM CLIENTS;

CODCLI CIVCLI   NOMCLI   PRENCLI  CATCLI ADNCLI ADRCLI     CPCLI VILCLI PAYSCLI MAILCLI    TELCLI   
------ -------- -------- -------- ------ ------ ---------- ----- ------ ------- ---------- ----------
C001   Madame   CLEM@ENT EVE           1 18     BOULEVARD  91000 EPINAY FRANCE  eve.clemen +337778899
                                                FOCH             -SUR-O         t@gmail.co 11        
                                                                 RGE            m                    

C002   Madame   LESEUL   MARIE         1 21     AVENUE D I 75013 PARIS  FRANCE  marieleseu 0617586565
                                                TALIE                           l@yahoo.fr           

C003   Madame   UNIQUE   MARINE        2 77     RUE DE LA  13001 MARCHE FRANCE  munique@gm +337778899
                                                LIBERTE          ILLE           ail.com    22        

C004   Madame   CLEMENCE EVELYNE       3 8 BIS  BOULEVARD  93800 EPINAY FRANCE  clemence e +337778899
                                                FOCH             -SUR-S         velyne@gma 33        
                                                                 EINE           il.com               

C005   Madame   FORT     JEANNE        3 55     RUE DU JAP 94310 ORLY-V FRANCE  jfort\@hot +337778899
                                                ON               ILLE           mail.fr    44        

C006   Mademois LE BON   CLEMENCE      1 18     BOULEVARD  93800 EPINAY FRANCE  clemence.l 0033777889
       elle                                     FOCH             -SUR-S         e bon@cfo. 955       
                                                                 EINE           fr                   

C007   Mademois TRAIFOR  ALICE         2 6      RUE DE LA  75015 PARIS  FRANCE  alice.trai +337778899
       elle                                     ROSIERE                         for@yahoo. 66        
                                                                                fr                   

C008   Monsieur VIVANT   JEAN-BAP      1 13     RUE DE LA  93800 EPINAY FRANCE  jeanbaptis 0607      
                         TISTE                  PAIX             -SUR-S         te@                  
                                                                 EINE                                

C009   Monsieur CLEMENCE ALEXANDR      1 5      RUE DE BEL 75019 PARIS  FRANCE  alexandre. +331494040
                         E                      LEVILLE                         clemence@u 71        
                                                                                p13.fr               

C010   Monsieur TRAIFOR  ALEXANDR      1 16     AVENUE FOC 75016 PARIS  FRA     alexandre. 06070809  
                         E                      H                               traifor@up           
                                                                                13.fr                

C011   Monsieur PREMIER  JOS//EPH      2 77     RUE DE LA  13001 MARCHE FRANCE  josef@prem +337778899
                                                LIBERTE          ILLE           ier        77        

C012   Monsieur CLEMENT  ADAM          2 13     AVENUE JEA 9430  VILLET FRANCE  adam.cleme +331494040
                                                N BAPTISTE       ANEUSE         nt@gmail.c 72        
                                                 CLEMENT                        om                   

C013   Monsieur FORT     GABRIEL       5 1      AVENUE DE  99000 TUNIS  TUNISIE gabriel.fo +216248017
                                                CARTAGE                         rt@yahoo.f 77        
                                                                                r                    

C014   Monsieur ADAM     DAVID         5 1      AVENUE DE  99001 ROME   ITALIE  david.adam           
                                                ROME                            ï¿½@gmail            
                                                                                com                  

C015   Monsieur Labsent  pala          7 1      rue des ab 000   BAGDAD IRAQ    pala-labse           
                                                sents                           nt@paici             

C016   Madame   obsolete kadym         7 1      rue des an 000   CARTHA IFRIQIA inexistant inexistant
                                                ciens            GE                                  

C017   Madame   RAHYM    KARYM         1 1      RUE DES GE 1000  CARTHA TUNISIE karym.rahy +216248084
                                                NTILS            GE             m@gmail.co 44        
                                                                                m                    


 17 lignes sélectionnées 

Elapsed: 00:00:00.029
SQL> PROMPT

SQL> -- pause Tapez sur Enter...
SQL> PROMPT

SQL> SELECT * FROM COMMANDES;

NUMCOM     CODCLI DATCOM                     
---------- ------ ----------------------------
20001AB    C012   DIMANCHE 17-SEPTEMBRE-2000  
20002AB    C001   DIMANCHE 17-SEPTEMBRE-2000  
20003AB    C006   LUNDI    16-OCTOBRE  -2000  
20004AB    C006   MARDI    24-OCTOBRE  -2000  
20011RB    C012   LUNDI    22-JANVIER  -2001  
20012RB    C012   MARDI    13-MARS     -2001  
20051FB    C003   VENDREDI 07-JANVIER  -2005  
20052FB    C003   MERCREDI 12-JANVIER  -2005  
20053FB    C012   JEUDI    10-MARS     -2005  
20054FB    C007   LUNDI    14-MARS     -2005  
20055FB    C012   VENDREDI 11-MARS     -2005  
20056FB    C013   LUNDI    14-MARS     -2005  
20057FB    C014   VENDREDI 11-MARS     -2005  
20061FB    C010   VENDREDI 14-FÉVRIER  -2003  
20062FB    C009   VENDREDI 14-FÉVRIER  -2003  
20065FB    C007   VENDREDI 14-FÉVRIER  -2003  
20066FB    C002   VENDREDI 14-FÉVRIER  -2003  
20067FB    C002   VENDREDI 14-FÉVRIER  -2003  
20068FB    C002   VENDREDI 14-FÉVRIER  -2003  
20069FB    C002   MARDI    30-JANVIER  -2007  
20070FB    C002   MARDI    30-JANVIER  -2007  
20071FB    C013   MARDI    30-JANVIER  -2007  
20072FB    C013   MARDI    30-JANVIER  -2007  
20073FB    C014   MARDI    30-JANVIER  -2007  
20074FB    C014   MARDI    30-JANVIER  -2007  
20184FB    C014   LUNDI    17-SEPTEMBRE-2018  
20181AB    C012   LUNDI    17-SEPTEMBRE-2018  

 27 lignes sélectionnées 

Elapsed: 00:00:00.018
SQL> PROMPT

SQL> -- pause Tapez sur Enter...
SQL> PROMPT

SQL> SELECT * FROM ARTICLES;

REFART   NOMART                      PVART QSART   PAART
-------- ------------------------- ------- ----- -------
F1.001   SIEGE DE TABLE              35.00    10   26.43
F1.002   CASQUE CYCLISTE PROTECTIO   27.00    20   20.00
         N                                              

F1.003   BONNET PARE-CHOCS           10.71   ###    5.71
F1.004   STORE DE PROTECTION          7.43     5    4.29
F1.005   COINS DE PROTECTION          4.00   ###    1.71
F1.006   CACHE PRISE DE COURANT       2.29   ###     .71
F1.007   BLOQUE PORTE                 5.00     4    2.29
F1.008   BANDE DE FERMETURE           3.29     4    1.71
F1.009   PROTECTION DE FOUR          37.86    10   26.43
F1.010   PROTECTION DE CUISINIERE    30.71    10   22.86
F1.011   BABY PHONE                  80.71     3   45.71
F1.012   BRETELLE DE SECURITE        15.57     8   11.43
F1.013   HAUSSE-CHAISE               42.71     1   25.43
F1.014   COUVRE ROBINETTERIE          7.86    12    4.29
F2.001   BARRIERE DE PORTE, EN BOI   32.71     2   25.71
         S                                              

F2.002   BARRIERE DE PORTE, EN MET   49.14     3   28.43
         AL                                             

F2.003   BARRIERE DE LIT             23.71    10   15.71
F2.004   PORTE-BEBE                  44.86     6   34.29
F2.005   SIEGE-AUTO COSMOS          126.86     2   71.43
F2.006   SIEGE-AUTO EUROSEAT        121.29     2   71.43
FB.001   DVD-SPIRIT                  24.90     2   12.00
FB.002   DVD-SPIDER MAN              24.90     2   12.00
FB.003   DVD-SPIDER MAN 2            24.90     2   12.00
WD.001   K7 VIDEO-TOY STORY          21.29    10    9.29
WD.002   DVD-TOY STORY 2             34.29    10   12.14
WD.003   K7 VIDEO-WINNIE L OURSON    22.86     5    9.29
WD.004   DVD-FRERES DES OURS         35.00     3   13.00
WD.005   K7 VIDEO-LE ROI LION        30.00     1   13.00
WD.006   K7 VIDEO-LE ROI LION 2      30.00     4   13.00
WD.007   K7 VIDEO-LE ROI LION 3      30.00     3   13.00

 30 lignes sélectionnées 

Elapsed: 00:00:00.020
SQL> PROMPT

SQL> -- pause Tapez sur Enter...
SQL> PROMPT

SQL> SELECT * FROM DETAILCOM;

NUMCOM     REFART   QTCOM   PUART  REMISE
---------- -------- ----- ------- -------
20001AB    F1.001       2   35.00    2.50
20001AB    F1.003       4   10.71    3.00
20001AB    F1.013       2   49.14     .00
20001AB    WD.001       1   21.29     .00
20002AB    F1.001       2   33.00    3.00
20002AB    WD.001       1   21.29     .00
20002AB    WD.002       1   34.29     .00
20002AB    WD.003       1   22.86     .00
20003AB    FB.001       5   21.00    4.00
20003AB    WD.002       1   34.29     .00
20003AB    WD.003       1   22.86     .00
20004AB    F1.008       2    3.29    3.50
20004AB    WD.001       1   21.29    2.50
20012RB    F1.007       5    5.00    3.00
20012RB    F1.009       1   37.86     .00
20012RB    FB.003       5   24.00     .00
20051FB    F1.008       2    3.29     .00
20051FB    FB.001       5   21.00    4.00
20052FB    F1.001       2   35.00     .00
20052FB    F1.003       4   10.71     .00
20052FB    F1.013       2   49.14    3.50
20052FB    WD.001       1   21.29     .00
20052FB    WD.003       1   22.86     .00
20053FB    WD.003       1   22.86     .00
20054FB    WD.003       1   22.86     .00
20055FB    F1.008       5    3.29     .00
20055FB    F1.009       1   37.86     .00
20055FB    F1.011       2   80.71     .00
20055FB    F2.001       1   30.71     .00
20056FB    F1.011       2   80.71     .00
20057FB    F2.001       1   30.71     .00
20061FB    FB.003       5   24.00     .00
20062FB    FB.003       5   24.00     .00
20065FB    FB.003       5   24.00     .00
20066FB    FB.003       5   24.00     .00
20067FB    FB.001      22   24.00     .00
20068FB    FB.001      22   24.00     .00
20069FB    FB.001      25   58.00     .00
20070FB    FB.001      50   24.00     .00
20071FB    FB.001      37   27.90     .00
20072FB    FB.001       8   34.00     .00
20073FB    FB.001      35   15.50     .00
20074FB    FB.001      12   19.99     .00
20181AB    FB.001       7   17.77     .00

 44 lignes sélectionnées 

Elapsed: 00:00:00.019
SQL> PROMPT

SQL> -- pause Tapez sur Enter...
SQL> PROMPT

SQL> -- ===============================================================================
SQL> -- Insertion des donnï¿½es ============================ FIN ========================
SQL> -- en SQL 2 ======================================================================
SQL> -- Insertion des lignes dans les tables ==========================================
SQL> -- ===============================================================================
SQL> -- Insertion des lignes dans les tables ==========================================
SQL> -- Manipulations-Interrogations des donnï¿½es ========= DEBUT ======================
SQL> -- en SQL 2 ======================================================================
SQL> -- Requï¿½tes dans les tables ======================================================
SQL> PROMPT =========================================================
=========================================================
SQL> PROMPT FB-A : Requetes sur la bd EN SQL 2 : A, B, C, D, E, F, I, J...
FB-A : Requetes sur la bd EN SQL 2 : A, B, C, D, E, F, I, J...
SQL> PROMPT =========================================================
=========================================================
SQL> PROMPT

SQL> /*
Exemples de requï¿½tes ï¿½ Tester :

Requï¿½tes Ai (Sï¿½lections + Projections)
A01. Les Noms des clients (Avec ï¿½ventuellement des doublons)
A02. Les Noms des clients (Sans les doublons)
A03. Les articles dont le prix de vente est supï¿½rieur ou ï¿½gal au double du prix dï¿½achat
A04. Les articles dont le prix de vente est soit 4 soit 27 soit 35
A05. Les articles dont le prix de vente est compris entre 30 et 50
A06. Les commandes du mois de SEPTEMBER 2015
A07. Les dï¿½tails des commandes dï¿½une annï¿½e donnï¿½e (2012)
A08. Les clients de ï¿½ Paris ï¿½ (Civilitï¿½ Nom Prï¿½nom, Ville)
A09. Les clients dont le nom commence par ï¿½ C ï¿½
A10. Les articles dont le nom commence par ï¿½ Barriï¿½res de ï¿½ ï¿½
A11. Les articles du fournisseur ï¿½ WD ï¿½
A12. Les clients pour lesquels on n'a pas de tï¿½lï¿½phone
A13. Les clients dont le nom de la ville se prononce comme ï¿½ pari ï¿½ ou ï¿½ barizzz ï¿½ ou ï¿½ pary ï¿½
A14. Dï¿½codification de la catï¿½gorie des clients : Transformez la catï¿½gorie comme suit :
     1 ? Grossiste, 2 ? Demi-Gros, ? Dï¿½taillant
A15. Qualitï¿½ des donnï¿½es ::: Y-a-t-il des anomalies dans les donnï¿½es ; Quelles sont ces anomalies ?
A15a. Les clients pour lesquels les mails sont invalides (Code, Nom, et Mail)
A15b. Les clients pour lesquels les tï¿½lï¿½phones sont invalides (Code, Nom, et Mail)

Requï¿½tes Bi (Tris + Sï¿½lections + Projections + Calculs)
B01. Classez les clients par ville, par ordre croissant
B02. Classez les articles de PV < 20, dans lï¿½ordre dï¿½croissant du stock
B03. Calculez la marge pour chaque article (marge = PV ï¿½ PA !)
B04. Calculez la marge pour tous les siï¿½ges
B05. Classez la marge pour tous les siï¿½ges, dans lï¿½ordre dï¿½croissant de la marge

Requï¿½tes Ci (Calculs + Sï¿½lections+ Projections)
C01. Nombre de clients (Femme + Homme)
C02. Nombre de clientes (Femme)
C03. Nombre de clients (Homme)
C04. Le prix de vente le plus ï¿½levï¿½
C05. Moyenne des prix de vente des articles
C06. Le chiffre dï¿½affaires global
C07. Les articles dont le prix de vente est supï¿½rieur ï¿½ la moyenne des prix de vente

Requï¿½tes Di (Calculs + Sous-Totaux + Sï¿½lections+ Projections)
D01. Nombre de clients par catï¿½gorie
D02. Nombre de clients parisiens par catï¿½gorie
D03. Montant de chaque commande
D04. Nombre de clients parisiens par catï¿½gorie, nombre > 2
D05. Total des quantitï¿½s commandï¿½es par article
D06. Total des quantitï¿½s commandï¿½es par catï¿½gorie dï¿½article
D07. Total du chiffre dï¿½affaires par catï¿½gorie dï¿½article
D08. Total, moyenne, min et max du chiffre dï¿½affaires par catï¿½gorie dï¿½article
D09. Le chiffre dï¿½affaires par annï¿½e

Requï¿½tes Ei (Jointures + Sï¿½lections + Projections)
E01.   ? Diffï¿½rents types de jointures (ï¿½qui-jointure)  : voir pages suivantes
E02. full outer join
E03. left join
E04. right join
E05. Produit Cartï¿½sien (Le cas le plus gï¿½nï¿½ral sans clause WHERE ; la jointure est un cas particulier)
E06. La tï¿½ta-jointure (tï¿½ta appartient ï¿½ < <= > >= <>)
E07.
E08. Jointure & Optimisation des requï¿½tes
E09. Jointure avec une requï¿½te dans la clause FROM
E10. Jointure & Ordre dï¿½exï¿½cution des tables

Requï¿½tes Fi (Calculs + Sous-Totaux + Unions + Intersections + Diffï¿½rences + Jointures)
F01. Clients ayant commandï¿½ en SEPTEMBER 2011
F02. Montant total des commandes de SEPTEMBER 2011
F03. Commandes ayant des articles dont le prix vente est supï¿½rieur ï¿½ 20 (Commande, Article, PV)
F04. Commandes ayant des articles dont le prix vente est supï¿½rieur ï¿½ 20 (Commande, Nombre)
F05. Commandes ayant 4 articles dont le prix vente est supï¿½rieur ï¿½ 20
F06. Les clients de paris qui nï¿½ont pas commandï¿½ en OCTOBER 2011
F07. Les clients de paris ou ceux ayant commandï¿½ en OCTOBER 2011

Requï¿½tes Gi (Divisions)
G01. Les articles qui figurent sur toutes les commandes !
G02. Articles commandï¿½s par tous les parisiens
G03. Les articles qui figurent sur toutes les commandes dï¿½une pï¿½riode donnï¿½e !

Requï¿½tes Hi (SQL Avancï¿½, SQL pour le multidimensionnel)
H01. Nombre de clients
H02. Nombre de pays
H03. Nombre de clients par catï¿½gorie
H04. Nombre de clients par catï¿½gorie et par ville
H05. Nombre de clients par ville et par catï¿½gorie
H06. Nombre de clients par catï¿½gorie et par ville ? fonction CUBE
H07. Nombre de clients par catï¿½gorie et par ville ? fonction ROLLUP

H08. Classez les clients par ordre dï¿½croissant du chiffre dï¿½affaires CA
H09. Classez les clients par ordre dï¿½croissant du ca, donnez le rang
H10. Classez les clients par ordre dï¿½croissant du ca, donnez le rang : RANK() OVERï¿½
H11. Clients par ordre dï¿½croissant du ca et de la catï¿½gorie, donnez le rang
H12. Clients par ordre dï¿½croissant du ca et de la catï¿½gorie, donnez le rang


Requï¿½tes Ii (SQL Gestion de Gros volumes de Donnï¿½es - Export / Import)
I01. Export depuis une BD gï¿½rï¿½e par un SGBD vers des fichiers (Extraction/Export/Dï¿½chargement)
Utilisation de lï¿½utilitaire SPOOLER pour extraire/exporter les tables dï¿½une BD vers des fichiers textes
(sql> spool nomdefichier.txt 		sql>selectï¿½ 				sql> spool off)
(sql> spool nomdefichier.lst 		sql>selectï¿½				sql> spool off)
Dï¿½chargez toutes les tables de la BD dans des fichiers CSV en utilisant le ï¿½ ; ï¿½ comme sï¿½parateur de colonnes.

I02. Import Depuis des fichiers vers une BD gï¿½rï¿½e par un SGBD (Import/Chargement)
Importer/Chargez toutes les tables de la BD ï¿½ partir de fichiers de diffï¿½rents types tels que CSV, Excel et autres.
Le ï¿½ ; ï¿½ est utilisï¿½ comme sï¿½parateur de colonnes.
*/
SQL> -- ????????????      FB FB FB FB FB FB A complï¿½ter ??????????????
SQL> -- ====>>> Vos fichiers sql devront s'appeler : Bxy-NomDuFichier.sql
SQL> -- ====>>> Le fichier sql, des requetes ci-dessus, s'appelle : Bxy-G1requetes.sql
SQL> -- QUELQUES REPONSES ET RESULTATS POUR DEMARRER ============================
SQL> -- Manipulations-Interrogations des donnï¿½es ================================
SQL> -- en SQL 2 ================================================================
SQL> -- Requï¿½tes dans les tables ================================================
SQL> PROMPT =========================================================
=========================================================
SQL> PROMPT FB-B : Requetes sur la bd EN SQL 2
FB-B : Requetes sur la bd EN SQL 2
SQL> PROMPT =========================================================
=========================================================
SQL> PROMPT

SQL> PROMPT =========================================================
=========================================================
SQL> PROMPT >> Requete : Les Noms des clients (Avec ï¿½ventuellement des doublons)
>> Requete : Les Noms des clients (Avec ï¿½ventuellement des doublons)
SQL> PROMPT =========================================================
=========================================================
SQL> PROMPT

SQL> SELECT NOMCLI FROM CLIENTS ;

NOMCLI 
--------
CLEM@ENT
LESEUL  
UNIQUE  
CLEMENCE
FORT    
LE BON  
TRAIFOR 
VIVANT  
CLEMENCE
TRAIFOR 
PREMIER 
CLEMENT 
FORT    
ADAM    
Labsent 
obsolete
RAHYM   

 17 lignes sélectionnées 

Elapsed: 00:00:00.006
SQL> -- >>>>>>>>>>>>>>>>>>>>>>>>>> -- Rï¿½sultat gï¿½nï¿½rï¿½:
SQL> -- ???
SQL> PROMPT

SQL> -- pause Tapez sur Enter...
SQL> PROMPT

SQL> PROMPT =========================================================
=========================================================
SQL> PROMPT >> Requete : Les Noms des clients (Sans les doublons)
>> Requete : Les Noms des clients (Sans les doublons)
SQL> PROMPT =========================================================
=========================================================
SQL> PROMPT

SQL> SELECT DISTINCT NOMCLI FROM CLIENTS ;

NOMCLI 
--------
LE BON  
VIVANT  
UNIQUE  
PREMIER 
CLEM@ENT
CLEMENT 
obsolete
CLEMENCE
FORT    
TRAIFOR 
ADAM    
RAHYM   
LESEUL  
Labsent 

 14 lignes sélectionnées 

Elapsed: 00:00:00.008
SQL> -- >>>>>>>>>>>>>>>>>>>>>>>>>> -- Rï¿½sultat gï¿½nï¿½rï¿½:
SQL> -- ???
SQL> PROMPT

SQL> -- pause Tapez sur Enter...
SQL> PROMPT

SQL> -- Quelques rï¿½gles de gestion afin d'homogï¿½nï¿½iser et normaliser les donnï¿½es
SQL> -- La colonne NOMCLI n'est pas bien renseignï¿½e ni commentï¿½e NO COMMENT !
SQL> -- Les seules contraintes dï¿½finies sur la colonne NOMCLI sont :
SQL> -- Son type syntaxique >> NOMCLI VARCHAR2(20),
SQL> -- Son type/caratï¿½re obligatoire >> CONSTRAINT NN_CLIENTS_NOMCLI CHECK(NOMCLI IS NOT NULL),
SQL> -- Il faudrait par exemple ajouter :
SQL> -- la majuscule >> CONSTRAINT CK_CLIENTS_NOMCLI	CHECK(NOMCLI = UPPER(NOMCLI)),
SQL> -- l'expression rï¿½guliï¿½re qui permet de dï¿½finir la rï¿½gle alphabï¿½tique :
SQL> PROMPT =========================================================
=========================================================
SQL> PROMPT >> Requete : Les Noms des clients NON MAJUSCULEs !
>> Requete : Les Noms des clients NON MAJUSCULEs !
SQL> PROMPT =========================================================
=========================================================
SQL> PROMPT

SQL> SELECT NOMCLI FROM CLIENTS WHERE NOMCLI <> UPPER(NOMCLI);

NOMCLI 
--------
Labsent 
obsolete

Elapsed: 00:00:00.013
SQL> -- >>>>>>>>>>>>>>>>>>>>>>>>>> -- Rï¿½sultat gï¿½nï¿½rï¿½:
SQL> -- ???
SQL> PROMPT

SQL> -- pause Tapez sur Enter...
SQL> PROMPT

SQL> PROMPT =========================================================
=========================================================
SQL> PROMPT >> Requete : Les Noms des clients NON Alphabï¿½tiques !
>> Requete : Les Noms des clients NON Alphabï¿½tiques !
SQL> PROMPT =========================================================
=========================================================
SQL> PROMPT

SQL> SELECT NOMCLI FROM CLIENTS WHERE NOT -- ??? ^[A..Z a..z];

-- >>>>>>>>>>>>>>>>>>>>>>>>>> -- Rï¿½sultat gï¿½nï¿½rï¿½:
-- ???
PROMPT
-- pause Tapez sur Enter...
PROMPT


PROMPT =====================================================================
PROMPT >> Requete : Articles commandï¿½s toujours en quantitï¿½ > 5
PROMPT =====================================================================
PROMPT
TTITLE CENTER 'Requete: les articles toujours commandï¿½s en quantitï¿½ superieure ï¿½ 5' skip 1 -
       LEFT   '=========================================================================' skip 0
SELECT d.NUMCOM, a.REFART, a.NOMART
FROM   ARTICLES a, DETAILCOM d
WHERE  a.REFART = d.REFART
AND    d.QTCOM > 5;

Erreur commençant à la ligne: 923 de la commande -
SELECT NOMCLI FROM CLIENTS WHERE NOT -- ??? ^[A..Z a..z];

-- >>>>>>>>>>>>>>>>>>>>>>>>>> -- Rï¿½sultat gï¿½nï¿½rï¿½:
-- ???
PROMPT
-- pause Tapez sur Enter...
PROMPT


PROMPT =====================================================================
PROMPT >> Requete : Articles commandï¿½s toujours en quantitï¿½ > 5
PROMPT =====================================================================
PROMPT
TTITLE CENTER 'Requete: les articles toujours commandï¿½s en quantitï¿½ superieure ï¿½ 5' skip 1 -
       LEFT   '=========================================================================' skip 0
SELECT d.NUMCOM, a.REFART, a.NOMART
FROM   ARTICLES a, DETAILCOM d
WHERE  a.REFART = d.REFART
AND    d.QTCOM > 5
Erreur à la ligne de commande: 932 Colonne: 4
Rapport d'erreur -
Erreur SQL : Paramètre IN ou OUT absent dans l'index :: 1
Elapsed: 00:00:00.004
SQL> -- >>>>>>>>>>>>>>>>>>>>>>>>>> -- Rï¿½sultat gï¿½nï¿½rï¿½:
SQL> -- ???
SQL> PROMPT

SQL> -- pause Tapez sur Enter...
SQL> PROMPT

SQL> PROMPT =====================================================================
=====================================================================
SQL> PROMPT >> Requete : Articles sans remise depuis le 1er JANUARY 2005
>> Requete : Articles sans remise depuis le 1er JANUARY 2005
SQL> PROMPT =====================================================================
=====================================================================
SQL> PROMPT

SQL> TTITLE CENTER 'Requete: Articles sans remise depuis le 1er JANUARY 2005' skip 1 -
       LEFT   '=========================================================================' skip 0
SQL> SELECT	d.NUMCOM, a.REFART, a.NOMART
FROM	ARTICLES a, DETAILCOM d, COMMANDES c
WHERE	EXTRACT(YEAR FROM DATCOM) > 2004
AND	c.NUMCOM = d.NUMCOM
AND	d.REFART = a.REFART
AND	d.REMISE = 0;

                                                                                                                                                                                                                                                                                                                                                                                                                                                                                        Requete: Articles sans remise depuis le 1er JANUARY 2005                                                                                                                                                                                                                                                                                                                                                                                                                                                                                        
=========================================================================                                                                                                                                                                                                                                                                                                                                                                                                                                                                                                                                                                                                                                                                                                                                                                                                                                                                                                                                                               
                                                                                                                                                                                                                                                                                                                                                                                                                                                                                                                                                                                                                                                                                                                                                                                                                                                                                                                                                                                                                                        
NUMCOM     REFART   NOMART                  
---------- -------- -------------------------
20052FB    F1.001   SIEGE DE TABLE           
20052FB    F1.003   BONNET PARE-CHOCS        
20055FB    F1.008   BANDE DE FERMETURE       
20051FB    F1.008   BANDE DE FERMETURE       
20055FB    F1.009   PROTECTION DE FOUR       
20056FB    F1.011   BABY PHONE               
20055FB    F1.011   BABY PHONE               
20057FB    F2.001   BARRIERE DE PORTE, EN BOI
                    S                        

20055FB    F2.001   BARRIERE DE PORTE, EN BOI
                    S                        

20181AB    FB.001   DVD-SPIRIT               
20074FB    FB.001   DVD-SPIRIT               
20073FB    FB.001   DVD-SPIRIT               
20072FB    FB.001   DVD-SPIRIT               
20071FB    FB.001   DVD-SPIRIT               
20070FB    FB.001   DVD-SPIRIT               
20069FB    FB.001   DVD-SPIRIT               
20052FB    WD.001   K7 VIDEO-TOY STORY       
20054FB    WD.003   K7 VIDEO-WINNIE L OURSON 
20053FB    WD.003   K7 VIDEO-WINNIE L OURSON 
20052FB    WD.003   K7 VIDEO-WINNIE L OURSON 

 20 lignes sélectionnées 

Elapsed: 00:00:00.030
SQL> -- >>>>>>>>>>>>>>>>>>>>>>>>>> -- Rï¿½sultat gï¿½nï¿½rï¿½:
SQL> -- ???
SQL> PROMPT

SQL> -- pause Tapez sur Enter...
SQL> PROMPT

SQL> -- =================================================================
SQL> -- ========= Quelques requetes de suivi du chiffre d affaires DEBUT
SQL> -- =================================================================
SQL> PROMPT =========================================================
=========================================================
SQL> PROMPT >> Requete : Chiffre d affaires global du magasin en question
>> Requete : Chiffre d affaires global du magasin en question
SQL> PROMPT =========================================================
=========================================================
SQL> PROMPT

SQL> -- ????????????      FB FB FB FB FB FB A complï¿½ter ??????????????
SQL> PROMPT

SQL> -- pause Tapez sur Enter...
SQL> PROMPT

SQL> PROMPT =========================================================
=========================================================
SQL> PROMPT >> Requete : Chiffre d affaires par jour
>> Requete : Chiffre d affaires par jour
SQL> PROMPT =========================================================
=========================================================
SQL> PROMPT

SQL> -- ????????????      FB FB FB FB FB FB A complï¿½ter ??????????????
SQL> PROMPT

SQL> -- pause Tapez sur Enter...
SQL> PROMPT

SQL> PROMPT =========================================================
=========================================================
SQL> PROMPT >> Requete : Chiffre d affaires par mois
>> Requete : Chiffre d affaires par mois
SQL> PROMPT =========================================================
=========================================================
SQL> PROMPT

SQL> -- ????????????      FB FB FB FB FB FB A complï¿½ter ??????????????
SQL> PROMPT

SQL> -- pause Tapez sur Enter...
SQL> PROMPT

SQL> PROMPT =========================================================
=========================================================
SQL> PROMPT >> Requete : Chiffre d affaires par annï¿½e
>> Requete : Chiffre d affaires par annï¿½e
SQL> PROMPT =========================================================
=========================================================
SQL> PROMPT

SQL> -- ????????????      FB FB FB FB FB FB A complï¿½ter ??????????????
SQL> PROMPT

SQL> -- pause Tapez sur Enter...
SQL> PROMPT

SQL> PROMPT =========================================================
=========================================================
SQL> PROMPT >> Requete : Chiffre d affaires par ville du client
>> Requete : Chiffre d affaires par ville du client
SQL> PROMPT =========================================================
=========================================================
SQL> PROMPT

SQL> -- ????????????      FB FB FB FB FB FB A complï¿½ter ??????????????
SQL> PROMPT

SQL> -- pause Tapez sur Enter...
SQL> PROMPT

SQL> PROMPT =========================================================
=========================================================
SQL> PROMPT >> Requete : Chiffre d affaires par pays du client
>> Requete : Chiffre d affaires par pays du client
SQL> PROMPT =========================================================
=========================================================
SQL> PROMPT

SQL> TTITLE CENTER 'Requete: permet de determiner le chiffre d affaires par pays' skip 1 -
       LEFT   '=========================================================================' skip 0
SQL> SELECT	c.PAYSCLI, SUM((d.PUART*d.QTCOM) * (1-(d.REMISE/100))) AS chiffre_affaires
FROM	DETAILCOM d, CLIENTS c, COMMANDES k
WHERE	d.NUMCOM  = k.NUMCOM
AND	 	c.CODCLI = k.CODCLI
GROUP BY c.PAYSCLI;

                                                                                                                                                                                                                                                                                                                                                                                                                                                                                      Requete: permet de determiner le chiffre d affaires par pays                                                                                                                                                                                                                                                                                                                                                                                                                                                                                      
=========================================================================                                                                                                                                                                                                                                                                                                                                                                                                                                                                                                                                                                                                                                                                                                                                                                                                                                                                                                                                                               
                                                                                                                                                                                                                                                                                                                                                                                                                                                                                                                                                                                                                                                                                                                                                                                                                                                                                                                                                                                                                                        
PAYSCLI                        CHIFFRE_AFFAIRES
------- ---------------------------------------
FRA                                         120
TUNISIE                                 1465,72
FRANCE                               5580,76245
ITALIE                                   813,09

Elapsed: 00:00:00.046
SQL> -- >>>>>>>>>>>>>>>>>>>>>>>>>> -- Rï¿½sultat gï¿½nï¿½rï¿½:
SQL> -- ------------------------------ ---------------
SQL> -- ???
SQL> PROMPT

SQL> -- pause Tapez sur Enter...
SQL> PROMPT

SQL> PROMPT =========================================================
=========================================================
SQL> PROMPT >> Requete : Chiffre d affaires par pays et par ville du client
>> Requete : Chiffre d affaires par pays et par ville du client
SQL> PROMPT =========================================================
=========================================================
SQL> PROMPT

SQL> -- ????????????      FB FB FB FB FB FB A complï¿½ter ??????????????
SQL> PROMPT

SQL> -- pause Tapez sur Enter...
SQL> PROMPT

SQL> -- =================================================================
SQL> -- ========= Quelques requetes de suivi du chiffre d affaires FIN
SQL> -- =================================================================
SQL> PROMPT =====================================================================
=====================================================================
SQL> PROMPT >> Requete : Articles commandï¿½s par tous les parisiens
>> Requete : Articles commandï¿½s par tous les parisiens
SQL> PROMPT =====================================================================
=====================================================================
SQL> PROMPT

SQL> TTITLE CENTER 'Requete: les articles qui sont commandï¿½s par tous les parisiens' skip 1 -
       LEFT   '=========================================================================' skip 0
SQL> SELECT	REFART, NOMART
FROM	ARTICLES
WHERE	NOT EXISTS
	(SELECT *
	 FROM	CLIENTS
	 WHERE	UPPER(VILCLI) = 'PARIS'
	 AND	NOT EXISTS
		(SELECT *
		 FROM	COMMANDES, DETAILCOM
		 WHERE	COMMANDES.NUMCOM = DETAILCOM.NUMCOM
		 AND	DETAILCOM.REFART = ARTICLES.REFART
		 AND	COMMANDES.CODCLI = CLIENTS.CODCLI));

                                                                                                                                                                                                                                                                                                                                                                                                                                                                                        Requete:lesarticlesquisontcommandï¿½spartouslesparisiens                                                                                                                                                                                                                                                                                                                                                                                                                                                                                        
=========================================================================                                                                                                                                                                                                                                                                                                                                                                                                                                                                                                                                                                                                                                                                                                                                                                                                                                                                                                                                                               
                                                                                                                                                                                                                                                                                                                                                                                                                                                                                                                                                                                                                                                                                                                                                                                                                                                                                                                                                                                                                                        
REFART   NOMART                  
-------- -------------------------
FB.003   DVD-SPIDER MAN 2         

Elapsed: 00:00:00.028
SQL> -- >>>>>>>>>>>>>>>>>>>>>>>>>> -- Rï¿½sultat gï¿½nï¿½rï¿½:
SQL> -- ???
SQL> PROMPT

SQL> -- pause Tapez sur Enter...
SQL> PROMPT

SQL> -- ????????????      FB FB FB FB FB FB A complï¿½ter ??????????????
SQL> --======================================================================================
SQL> --======================================================================================
SQL> --======================================================================================
SQL> --======================================================================================
SQL> --======================================================================================
SQL> --======================================================================================
SQL> -- MFB FFF + BB est une entreprise internationale ayant plusieurs magasins dans le monde
SQL> --======================================================================================
SQL> --======================================================================================
SQL> --======================================================================================
SQL> --======================== Liste des magasins de l'entreprise BB =======================
SQL> --======================================================================================
SQL> --======================================================================================
SQL> --======================================================================================
SQL> DROP TABLE MAGASINS;

Erreur commençant à la ligne: 1 110 de la commande -
DROP TABLE MAGASINS
Rapport d'erreur -
Erreur SQL : ORA-00942: table or view does not exist
00942. 00000 -  "table or view does not exist"
*Cause:    
*Action:
Elapsed: 00:00:00.012
SQL> PROMPT =====================================================================
=====================================================================
SQL> PROMPT >> Table : MAGASINS
>> Table : MAGASINS
SQL> PROMPT =====================================================================
=====================================================================
SQL> CREATE TABLE MAGASINS
(
	NUMMAG		VARCHAR(4),
	NOMMAG		CHAR(50),
	TELMAG		CHAR(15),
	ADRNUMMAG	VARCHAR2(10),
	ADRRUEMAG	VARCHAR2(50),
	ADRCPMAG	VARCHAR2(10),
	ADRVILLEMAG	VARCHAR2(50),
	ADRPAYSMAG	VARCHAR2(50),
   	CONSTRAINT PK_MAGASINS 				PRIMARY KEY(NUMMAG),
	CONSTRAINT NN_MAGASINS_NOMMAG		CHECK(NOMMAG IS NOT NULL),
	CONSTRAINT CK_MAGASINS_ADRVILLEMAG	CHECK(ADRVILLEMAG = UPPER(ADRVILLEMAG)),
	CONSTRAINT CK_MAGASINS_ADRPAYSMAG	CHECK(ADRPAYSMAG = UPPER(ADRPAYSMAG))
);

Table MAGASINS créé(e).

Elapsed: 00:00:00.020
SQL> PROMPT =====================================================================
=====================================================================
SQL> PROMPT Insertion des donnï¿½es de la bd GESCOMI EN SQL 2
Insertion des donnï¿½es de la bd GESCOMI EN SQL 2
SQL> PROMPT =====================================================================
=====================================================================
SQL> PROMPT

SQL> PROMPT =====================================================================
=====================================================================
SQL> PROMPT >> Table : MAGASINS
>> Table : MAGASINS
SQL> PROMPT =====================================================================
=====================================================================
SQL> PROMPT

SQL> INSERT INTO MAGASINS (NUMMAG, NOMMAG, TELMAG, ADRNUMMAG, ADRRUEMAG, ADRCPMAG, ADRVILLEMAG, ADRPAYSMAG)
VALUES ('FR01',  'BB-BE KIND', '0142586485', '18', 'AVENUE FOCH', '91000', 'PARIS', 'FRANCE');

1 ligne inséré.

Elapsed: 00:00:00.004
SQL> INSERT INTO MAGASINS (NUMMAG, NOMMAG, TELMAG, ADRNUMMAG, ADRRUEMAG, ADRCPMAG, ADRVILLEMAG, ADRPAYSMAG)
VALUES ('FR02', 'BB-SAY PLEASE', '+33153800796', '21', 'AVENUE D ITALIE', '75013', 'PARIS', 'FRANCE');

1 ligne inséré.

Elapsed: 00:00:00.003
SQL> INSERT INTO MAGASINS (NUMMAG, NOMMAG, TELMAG, ADRNUMMAG, ADRRUEMAG, ADRCPMAG, ADRVILLEMAG, ADRPAYSMAG)
VALUES ('FR03', 'BB-SAY THANK YOU','0254974410', '77', 'RUE DE LA LIBERTE', '13001', 'MARCHEILLE', 'FRANCE');

1 ligne inséré.

Elapsed: 00:00:00.002
SQL> INSERT INTO MAGASINS (NUMMAG, NOMMAG, TELMAG, ADRNUMMAG, ADRRUEMAG, ADRCPMAG, ADRVILLEMAG, ADRPAYSMAG)
VALUES ('FR04', 'BB-WORK HARD', '0657985246', '8 BIS', 'BOULEVARD FOCH', '93800', 'EPINAY-SUR-SEINE', 'FRANCE');

1 ligne inséré.

Elapsed: 00:00:00.004
SQL> INSERT INTO MAGASINS (NUMMAG, NOMMAG, TELMAG, ADRNUMMAG, ADRRUEMAG, ADRCPMAG, ADRVILLEMAG, ADRPAYSMAG)
VALUES ('FR05', 'BB-ENCOURAGE EACH OTHER', '0546874430', '55', 'RUE DU JAPON', '94310', 'ORLY-VILLE', 'FRANCE');

1 ligne inséré.

Elapsed: 00:00:00.005
SQL> INSERT INTO MAGASINS (NUMMAG, NOMMAG, TELMAG, ADRNUMMAG, ADRRUEMAG, ADRCPMAG, ADRVILLEMAG, ADRPAYSMAG)
VALUES ('FR06','BB-SAY I M SORRY', '0549876546', '18', 'BOULEVARD FOCH', '93800', 'LYON', 'FRANCE');

1 ligne inséré.

Elapsed: 00:00:00.004
SQL> INSERT INTO MAGASINS (NUMMAG, NOMMAG, TELMAG, ADRNUMMAG, ADRRUEMAG, ADRCPMAG, ADRVILLEMAG, ADRPAYSMAG)
VALUES ('FR07', 'BB-LIBERTE EGALITE FRATERNITE', '0466468720', '6', 'RUE DE LA ROSIERE', '75015', 'PARIS', 'FRANCE');

1 ligne inséré.

Elapsed: 00:00:00.003
SQL> INSERT INTO MAGASINS (NUMMAG, NOMMAG, TELMAG, ADRNUMMAG, ADRRUEMAG, ADRCPMAG, ADRVILLEMAG, ADRPAYSMAG)
VALUES ('BE01', 'BB-YES WEEK-END', '003257446571', '13', 'RUE DE LA PAIX', '99999', 'BRUXELLES', 'BELGIQUE');

1 ligne inséré.

Elapsed: 00:00:00.003
SQL> INSERT INTO MAGASINS (NUMMAG, NOMMAG, TELMAG, ADRNUMMAG, ADRRUEMAG, ADRCPMAG, ADRVILLEMAG, ADRPAYSMAG)
VALUES ('BE02', 'BB-FAMILY RULES', '003254987541', '5', 'RUE DE BELLEVILLE', '99999', 'BRUXELLES', 'BELGIQUE');

1 ligne inséré.

Elapsed: 00:00:00.005
SQL> INSERT INTO MAGASINS (NUMMAG, NOMMAG, TELMAG, ADRNUMMAG, ADRRUEMAG, ADRCPMAG, ADRVILLEMAG, ADRPAYSMAG)
VALUES ('BE03', 'BB-DO YOUR BEST', '0032546713274', '16', 'AVENUE FOCH', '99998', 'ANDERLECK', 'BELGIQUE');

1 ligne inséré.

Elapsed: 00:00:00.004
SQL> INSERT INTO MAGASINS (NUMMAG, NOMMAG, TELMAG, ADRNUMMAG, ADRRUEMAG, ADRCPMAG, ADRVILLEMAG, ADRPAYSMAG)
VALUES ('BE04', 'BB-FORGIVE OTHERS', '003264787542', '77', 'RUE DE LA LIBERTE', '99998', 'ANDERLECK', 'BELGIQUE');

1 ligne inséré.

Elapsed: 00:00:00.011
SQL> INSERT INTO MAGASINS (NUMMAG, NOMMAG, TELMAG, ADRNUMMAG, ADRRUEMAG, ADRCPMAG, ADRVILLEMAG, ADRPAYSMAG)
VALUES ('BE05', 'BB-SERVICES', '0032448746842', '134', 'AVENUE DES LILAS', '99999', 'BRUXELLES', 'BELGIQUE');

1 ligne inséré.

Elapsed: 00:00:00.004
SQL> INSERT INTO MAGASINS (NUMMAG, NOMMAG, TELMAG, ADRNUMMAG, ADRRUEMAG, ADRCPMAG, ADRVILLEMAG, ADRPAYSMAG)
VALUES ('TN01', 'BB-AZIZ M@M@', '009967687745', '1', 'AVENUE DE CARTAGE', '99000', 'TUNIS', 'TUNISIE');

1 ligne inséré.

Elapsed: 00:00:00.003
SQL> INSERT INTO MAGASINS (NUMMAG, NOMMAG, TELMAG, ADRNUMMAG, ADRRUEMAG, ADRCPMAG, ADRVILLEMAG, ADRPAYSMAG)
VALUES ('TN02', 'BB-SALEM ALIK', '+21624888222', '11', 'BOULEVARD DU 14 JANUARY 2011', '4001', 'SOUSSE', 'TUNISIE');

1 ligne inséré.

Elapsed: 00:00:00.003
SQL> INSERT INTO MAGASINS (NUMMAG, NOMMAG, TELMAG, ADRNUMMAG, ADRRUEMAG, ADRCPMAG, ADRVILLEMAG, ADRPAYSMAG)
VALUES ('IT01', 'BB-BELLA CIAO', '0099241564315', '1', 'AVENUE DE ROME', '99001', 'ROME', 'ITALIE');

1 ligne inséré.

Elapsed: 00:00:00.004
SQL> COMMIT;
Validation (commit) terminée.
Elapsed: 00:00:00.002
SQL> PROMPT

SQL> -- pause Tapez sur Enter...
SQL> PROMPT

SQL> PROMPT =====================================================================
=====================================================================
SQL> PROMPT Affichage des magasins de  l entreprise BB EN SQL 2
Affichage des magasins de  l entreprise BB EN SQL 2
SQL> PROMPT =====================================================================
=====================================================================
SQL> PROMPT

SQL> COLUMN NUMMAG		FORMAT A4
SQL> COLUMN NOMMAG		FORMAT A10
SQL> COLUMN TELMAG		FORMAT A10
SQL> COLUMN ADRNUMMAG	FORMAT A5
SQL> COLUMN ADRRUEMAG	FORMAT A10
SQL> COLUMN ADRCPMAG		FORMAT A7
SQL> COLUMN ADRVILLEMAG	FORMAT A10
SQL> COLUMN ADRPAYSMAG	FORMAT A10
SQL> COLUMN MAILMAG	    FORMAT A10
SQL> SELECT * FROM MAGASINS;

                                                                                                                                                                                                                                                                                                                                                                                                                                                                                        Requete:lesarticlesquisontcommandï¿½spartouslesparisiens                                                                                                                                                                                                                                                                                                                                                                                                                                                                                        
=========================================================================                                                                                                                                                                                                                                                                                                                                                                                                                                                                                                                                                                                                                                                                                                                                                                                                                                                                                                                                                               
                                                                                                                                                                                                                                                                                                                                                                                                                                                                                                                                                                                                                                                                                                                                                                                                                                                                                                                                                                                                                                        
NUMM NOMMAG     TELMAG     ADRNU ADRRUEMAG  ADRCPMA ADRVILLEMA ADRPAYSMAG
---- ---------- ---------- ----- ---------- ------- ---------- ----------
FR01 BB-BE KIND 0142586485 18    AVENUE FOC 91000   PARIS      FRANCE    
                                 H                                       
                                                                         
                                                                         
                                                                         

FR02 BB-SAY PLE +331538007 21    AVENUE D I 75013   PARIS      FRANCE    
     ASE        96               TALIE                                   
                                                                         
                                                                         
                                                                         

FR03 BB-SAY THA 0254974410 77    RUE DE LA  13001   MARCHEILLE FRANCE    
     NK YOU                      LIBERTE                                 
                                                                         
                                                                         
                                                                         

FR04 BB-WORK HA 0657985246 8 BIS BOULEVARD  93800   EPINAY-SUR FRANCE    
     RD                          FOCH               -SEINE               
                                                                         
                                                                         
                                                                         

FR05 BB-ENCOURA 0546874430 55    RUE DU JAP 94310   ORLY-VILLE FRANCE    
     GE EACH OT                  ON                                      
     HER                                                                 
                                                                         
                                                                         

FR06 BB-SAY I M 0549876546 18    BOULEVARD  93800   LYON       FRANCE    
      SORRY                      FOCH                                    
                                                                         
                                                                         
                                                                         

FR07 BB-LIBERTE 0466468720 6     RUE DE LA  75015   PARIS      FRANCE    
      EGALITE F                  ROSIERE                                 
     RATERNITE                                                           
                                                                         
                                                                         

BE01 BB-YES WEE 0032574465 13    RUE DE LA  99999   BRUXELLES  BELGIQUE  
     K-END      71               PAIX                                    
                                                                         
                                                                         
                                                                         

BE02 BB-FAMILY  0032549875 5     RUE DE BEL 99999   BRUXELLES  BELGIQUE  
     RULES      41               LEVILLE                                 
                                                                         
                                                                         
                                                                         

BE03 BB-DO YOUR 0032546713 16    AVENUE FOC 99998   ANDERLECK  BELGIQUE  
      BEST      274              H                                       
                                                                         
                                                                         
                                                                         

BE04 BB-FORGIVE 0032647875 77    RUE DE LA  99998   ANDERLECK  BELGIQUE  
      OTHERS    42               LIBERTE                                 
                                                                         
                                                                         
                                                                         

BE05 BB-SERVICE 0032448746 134   AVENUE DES 99999   BRUXELLES  BELGIQUE  
     S          842               LILAS                                  
                                                                         
                                                                         
                                                                         

TN01 BB-AZIZ M@ 0099676877 1     AVENUE DE  99000   TUNIS      TUNISIE   
     M@         45               CARTAGE                                 
                                                                         
                                                                         
                                                                         

TN02 BB-SALEM A +216248882 11    BOULEVARD  4001    SOUSSE     TUNISIE   
     LIK        22               DU 14 JANU                              
                                 ARY 2011                                
                                                                         
                                                                         

IT01 BB-BELLA C 0099241564 1     AVENUE DE  99001   ROME       ITALIE    
     IAO        315              ROME                                    
                                                                         
                                                                         
                                                                         


 15 lignes sélectionnées 

Elapsed: 00:00:00.023
SQL> PROMPT

SQL> -- pause Tapez sur Enter...
SQL> PROMPT

SQL> --====================================================================================
SQL> --====================================================================================
SQL> --====================================================================================
SQL> --==================== Modification de la structure des donnï¿½es ======================
SQL> --====================================================================================
SQL> --====================================================================================
SQL> --====================================================================================
SQL> -- Modifiez la structure de la table MAGASINS
SQL> -- Ajoutez la colonne MAILMAG de type VARCHAR(30)
SQL> ALTER TABLE MAGASINS ADD MAILMAG VARCHAR(30);

Table MAGASINS modifié(e).

Elapsed: 00:00:00.015
SQL> -- Dï¿½veloppez une procï¿½dure CREERMAILMAG qui permet d Insï¿½rer les nouvelles donnï¿½es dans cette colonne
SQL> -- Le mail d un magasin (en minuscule) est composï¿½ de : 'bb' + NUMMAG + '@gmail.com'
SQL> CREATE OR REPLACE PROCEDURE CREERMAILMAG
AS
BEGIN
    FOR ligne IN (SELECT NUMMAG , LOWER('bb'||NUMMAG||'@gmail.com') AS email FROM MAGASINS WHeRE MAILMAG IS NULL) LOOP
        UPDATE MAGASINS
        SET MAILMAG = ligne.email
        WHERE NUMMAG = ligne.NUMMAG;
    END LOOP;
END;
/

Elément Procedure CREERMAILMAG compilé

Elapsed: 00:00:00.035
SQL> exec CREERMAILMAG

Procédure PL/SQL terminée.

SQL> PROMPT =====================================================================
=====================================================================
SQL> PROMPT Affichage des magasins de  l entreprise BB EN SQL 2
Affichage des magasins de  l entreprise BB EN SQL 2
SQL> PROMPT =====================================================================
=====================================================================
SQL> PROMPT

SQL> COLUMN NUMMAG		FORMAT A4
SQL> COLUMN NOMMAG		FORMAT A8
SQL> COLUMN TELMAG		FORMAT A10
SQL> COLUMN ADRNUMMAG	FORMAT A5
SQL> COLUMN ADRRUEMAG	FORMAT A10
SQL> COLUMN ADRCPMAG		FORMAT A7
SQL> COLUMN ADRVILLEMAG	FORMAT A10
SQL> COLUMN ADRPAYSMAG	FORMAT A10
SQL> COLUMN MAILMAG	    FORMAT A10
SQL> SELECT * FROM MAGASINS;

                                                                                                                                                                                                                                                                                                                                                                                                                                                                                        Requete:lesarticlesquisontcommandï¿½spartouslesparisiens                                                                                                                                                                                                                                                                                                                                                                                                                                                                                        
=========================================================================                                                                                                                                                                                                                                                                                                                                                                                                                                                                                                                                                                                                                                                                                                                                                                                                                                                                                                                                                               
                                                                                                                                                                                                                                                                                                                                                                                                                                                                                                                                                                                                                                                                                                                                                                                                                                                                                                                                                                                                                                        
NUMM NOMMAG   TELMAG     ADRNU ADRRUEMAG  ADRCPMA ADRVILLEMA ADRPAYSMAG MAILMAG  
---- -------- ---------- ----- ---------- ------- ---------- ---------- ----------
FR01 BB-BE KI 0142586485 18    AVENUE FOC 91000   PARIS      FRANCE     bbfr01@gma
     ND                        H                                        il.com    
                                                                                  
                                                                                  
                                                                                  
                                                                                  
                                                                                  

FR02 BB-SAY P +331538007 21    AVENUE D I 75013   PARIS      FRANCE     bbfr02@gma
     LEASE    96               TALIE                                    il.com    
                                                                                  
                                                                                  
                                                                                  
                                                                                  
                                                                                  

FR03 BB-SAY T 0254974410 77    RUE DE LA  13001   MARCHEILLE FRANCE     bbfr03@gma
     HANK YOU                  LIBERTE                                  il.com    
                                                                                  
                                                                                  
                                                                                  
                                                                                  
                                                                                  

FR04 BB-WORK  0657985246 8 BIS BOULEVARD  93800   EPINAY-SUR FRANCE     bbfr04@gma
     HARD                      FOCH               -SEINE                il.com    
                                                                                  
                                                                                  
                                                                                  
                                                                                  
                                                                                  

FR05 BB-ENCOU 0546874430 55    RUE DU JAP 94310   ORLY-VILLE FRANCE     bbfr05@gma
     RAGE EAC                  ON                                       il.com    
     H OTHER                                                                      
                                                                                  
                                                                                  
                                                                                  
                                                                                  

FR06 BB-SAY I 0549876546 18    BOULEVARD  93800   LYON       FRANCE     bbfr06@gma
      M SORRY                  FOCH                                     il.com    
                                                                                  
                                                                                  
                                                                                  
                                                                                  
                                                                                  

FR07 BB-LIBER 0466468720 6     RUE DE LA  75015   PARIS      FRANCE     bbfr07@gma
     TE EGALI                  ROSIERE                                  il.com    
     TE FRATE                                                                     
     RNITE                                                                        
                                                                                  
                                                                                  
                                                                                  

BE01 BB-YES W 0032574465 13    RUE DE LA  99999   BRUXELLES  BELGIQUE   bbbe01@gma
     EEK-END  71               PAIX                                     il.com    
                                                                                  
                                                                                  
                                                                                  
                                                                                  
                                                                                  

BE02 BB-FAMIL 0032549875 5     RUE DE BEL 99999   BRUXELLES  BELGIQUE   bbbe02@gma
     Y RULES  41               LEVILLE                                  il.com    
                                                                                  
                                                                                  
                                                                                  
                                                                                  
                                                                                  

BE03 BB-DO YO 0032546713 16    AVENUE FOC 99998   ANDERLECK  BELGIQUE   bbbe03@gma
     UR BEST  274              H                                        il.com    
                                                                                  
                                                                                  
                                                                                  
                                                                                  
                                                                                  

BE04 BB-FORGI 0032647875 77    RUE DE LA  99998   ANDERLECK  BELGIQUE   bbbe04@gma
     VE OTHER 42               LIBERTE                                  il.com    
     S                                                                            
                                                                                  
                                                                                  
                                                                                  
                                                                                  

BE05 BB-SERVI 0032448746 134   AVENUE DES 99999   BRUXELLES  BELGIQUE   bbbe05@gma
     CES      842               LILAS                                   il.com    
                                                                                  
                                                                                  
                                                                                  
                                                                                  
                                                                                  

TN01 BB-AZIZ  0099676877 1     AVENUE DE  99000   TUNIS      TUNISIE    bbtn01@gma
     M@M@     45               CARTAGE                                  il.com    
                                                                                  
                                                                                  
                                                                                  
                                                                                  
                                                                                  

TN02 BB-SALEM +216248882 11    BOULEVARD  4001    SOUSSE     TUNISIE    bbtn02@gma
      ALIK    22               DU 14 JANU                               il.com    
                               ARY 2011                                           
                                                                                  
                                                                                  
                                                                                  
                                                                                  

IT01 BB-BELLA 0099241564 1     AVENUE DE  99001   ROME       ITALIE     bbit01@gma
      CIAO    315              ROME                                     il.com    
                                                                                  
                                                                                  
                                                                                  
                                                                                  
                                                                                  


 15 lignes sélectionnées 

Elapsed: 00:00:00.027
SQL> PROMPT

SQL> -- pause Tapez sur Enter...
SQL> PROMPT

SQL> --======================================================================================
SQL> --======================================================================================
SQL> --======================================================================================
SQL> -- MFB FFF ++++++++ Dï¿½chargement des donnï¿½es des magasins dans un fichier au format CSV
SQL> -- MFB FFF ++++++++ Le sï¿½parateur est ;
SQL> --======================================================================================
SQL> spool magasin.csv
